<html>
<body>
<pre>
<h1>礦ision Build Log</h1>
<h2>Tool Versions:</h2>
IDE-Version: μVision V5.25.2.0
Copyright (C) 2018 ARM Ltd and ARM Germany GmbH. All rights reserved.
License Information: bin hou, yys, LIC=ATTQD-80SWH-9UG4U-SWDP0-7AGNC-VEDJA
 
Tool Versions:
Toolchain:       MDK-ARM Plus  Version: 5.25.2.0
Toolchain Path:  C:\Keil_v5\ARM\ARMCC\Bin
C Compiler:      Armcc.exe V5.06 update 6 (build 750)
Assembler:       Armasm.exe V5.06 update 6 (build 750)
Linker/Locator:  ArmLink.exe V5.06 update 6 (build 750)
Library Manager: ArmAr.exe V5.06 update 6 (build 750)
Hex Converter:   FromElf.exe V5.06 update 6 (build 750)
CPU DLL:         SARMCM3.DLL V5.25.2.0
Dialog DLL:      DCM.DLL V1.17.1.0
Target DLL:      Segger\JL2CM3.dll V2.99.29.0
Dialog DLL:      TCM.DLL V1.35.1.0
 
<h2>Project:</h2>
C:\推麻仪\源程序\TmyIV_v01\Project\MDK-ARM(uV4)\project.uvprojx
Project File Date:  11/06/2019

<h2>Output:</h2>
*** Using Compiler 'V5.06 update 6 (build 750)', folder: 'C:\Keil_v5\ARM\ARMCC\Bin'
Rebuild target 'Flash'
compiling eeprom.c...
compiling debug.c...
compiling filter.c...
compiling save2flash.c...
compiling bsp_motor.c...
compiling main.c...
compiling bsp_uart_lcd.c...
compiling stm32f10x_it.c...
compiling stm32f10x_assert.c...
compiling bsp_led.c...
compiling bsp.c...
compiling bsp_beep.c...
compiling bsp_uart_fifo.c...
compiling bsp_key.c...
compiling bsp_simple_timer.c...
compiling hmi_user_uart.c...
compiling cmd_queue.c...
compiling bsp_dwt.c...
compiling bsp_ble.c...
compiling bsp_adc_int.c...
compiling hmi_driver.c...
assembling startup_stm32f10x_hd.s...
compiling ulitity.c...
compiling hw_config.c...
compiling misc.c...
compiling stm32f10x_rcc.c...
compiling HX711.c...
compiling stm32f10x_gpio.c...
compiling stm32f10x_usart.c...
compiling croutine.c...
compiling stm32f10x_flash.c...
compiling list.c...
compiling event_groups.c...
compiling stm32f10x_tim.c...
compiling queue.c...
compiling timers.c...
compiling tasks.c...
compiling stm32f10x_adc.c...
compiling system_stm32f10x.c...
compiling port.c...
compiling heap_4.c...
linking...
Program Size: Code=25260 RO-data=400 RW-data=400 ZI-data=17248  
FromELF: creating hex file...
After Build - User command #1: CopyHex_Flash.bat
C:\推麻仪\源程序\TmyIV_v01\Project\MDK-ARM(uV4)>copy Flash\Obj\output.hex ..\output(mdk).hex 
已复制         1 个文件。
".\Flash\Obj\output.axf" - 0 Error(s), 0 Warning(s).

<h2>Software Packages used:</h2>

Package Vendor: ARM
                http://www.keil.com/pack/ARM.CMSIS.5.3.0.pack
                ARM.CMSIS.5.3.0
                CMSIS (Cortex Microcontroller Software Interface Standard)
   * Component: CORE Version: 5.1.1

Package Vendor: Keil
                http://www.keil.com/pack/Keil.STM32F1xx_DFP.2.3.0.pack
                Keil.STM32F1xx_DFP.2.3.0
                STMicroelectronics STM32F1 Series Device Support, Drivers and Examples

<h2>Collection of Component include folders:</h2>
  .\RTE\_Flash
  C:\Keil_v5\ARM\PACK\ARM\CMSIS\5.3.0\CMSIS\Include
  C:\Keil_v5\ARM\PACK\Keil\STM32F1xx_DFP\2.3.0\Device\Include

<h2>Collection of Component Files used:</h2>

   * Component: ARM::CMSIS:CORE:5.1.1
Build Time Elapsed:  00:00:11
</pre>
</body>
</html>
