<html>
<body>
<pre>
<h1>礦ision Build Log</h1>
<h2>Tool Versions:</h2>
IDE-Version: μVision V5.14.0.0
Copyright (C) 2015 ARM Ltd and ARM Germany GmbH. All rights reserved.
License Information: 00000 jc, 0000, LIC=DSNMM-XSIKC-77SRP-M9GNT-BSK4A-Y4YD3
 
Tool Versions:
Toolchain:       MDK-ARM Professional  Version: 5.14.0.0
Toolchain Path:  C:\Keil_v5\ARM\ARMCC\Bin
C Compiler:      Armcc.exe V5.05 update 1 (build 106)
Assembler:       Armasm.exe V5.05 update 1 (build 106)
Linker/Locator:  ArmLink.exe V5.05 update 1 (build 106)
Library Manager: ArmAr.exe V5.05 update 1 (build 106)
Hex Converter:   FromElf.exe V5.05 update 1 (build 106)
CPU DLL:         SARMCM3.DLL V5.14.0.0
Dialog DLL:      DCM.DLL V1.13.1.0
Target DLL:      Segger\JL2CM3.dll V2.99.13.0
Dialog DLL:      TCM.DLL V1.14.4.0
 
<h2>Project:</h2>
D:\MyDoc\MyPrj\MyGitPrj\TmyV01\Project\MDK-ARM(uV4)\project.uvprojx
Project File Date:  07/22/2019

<h2>Output:</h2>
Rebuild target 'Flash'
compiling main.c...
compiling bsp_motor.c...
compiling bsp_uart_lcd.c...
compiling filter.c...
compiling debug.c...
compiling bsp.c...
compiling bsp_key.c...
compiling bsp_led.c...
compiling bsp_uart_fifo.c...
compiling stm32f10x_it.c...
compiling stm32f10x_assert.c...
compiling bsp_beep.c...
compiling bsp_simple_timer.c...
compiling bsp_adc_int.c...
compiling bsp_dwt.c...
compiling cmd_queue.c...
compiling hmi_driver.c...
compiling hmi_user_uart.c...
compiling ulitity.c...
compiling hw_config.c...
compiling HX711.c...
assembling startup_stm32f10x_hd.s...
compiling misc.c...
compiling stm32f10x_gpio.c...
compiling stm32f10x_rcc.c...
compiling stm32f10x_usart.c...
compiling stm32f10x_flash.c...
compiling stm32f10x_tim.c...
compiling stm32f10x_adc.c...
compiling system_stm32f10x.c...
compiling croutine.c...
compiling event_groups.c...
compiling list.c...
compiling queue.c...
compiling tasks.c...
compiling timers.c...
compiling port.c...
compiling heap_4.c...
linking...
Program Size: Code=22560 RO-data=780 RW-data=412 ZI-data=14988  
FromELF: creating hex file...
After Build - User command #1: CopyHex_Flash.bat
D:\MyDoc\MyPrj\MyGitPrj\TmyV01\Project\MDK-ARM(uV4)>copy Flash\Obj\output.hex ..\output(mdk).hex 
已复制         1 个文件。
".\Flash\Obj\output.axf" - 0 Error(s), 0 Warning(s).

<h2>Software Packages used:</h2>

Package Vendor: ARM
                http://www.keil.com/pack/ARM.CMSIS.4.2.0.pack
                ARM::CMSIS:CORE:3.40.0
                CMSIS (Cortex Microcontroller Software Interface Standard)
   * Component: CORE Version: 3.40.0

<h2>Collection of Component include folders:</h2>
  D:\MyDoc\MyPrj\MyGitPrj\TmyV01\Project\MDK-ARM(uV4)\RTE
  C:\Keil_v5\ARM\PACK\ARM\CMSIS\4.2.0\CMSIS\Include
  C:\Keil_v5\ARM\PACK\Keil\STM32F1xx_DFP\1.0.5\Device\Include

<h2>Collection of Component Files used:</h2>

   * Component: ARM::CMSIS:CORE:3.40.0
      Source file:   CMSIS\UserCodeTemplates\ARM\ITM_Retarget.c
</pre>
</body>
</html>
