Component: ARM Compiler 5.06 update 6 (build 750) Tool: armlink [4d35ed]

==============================================================================

Section Cross References

    main.o(i.AppTaskCreate) refers to tasks.o(i.xTaskGenericCreate) for xTaskGenericCreate
    main.o(i.AppTaskCreate) refers to main.o(.data) for xHandleTaskLCD
    main.o(i.AppTaskCreate) refers to main.o(i.vTaskLCD) for vTaskLCD
    main.o(i.AppTaskCreate) refers to main.o(i.vTaskMotorCtrl) for vTaskMotorCtrl
    main.o(i.AppTaskCreate) refers to main.o(i.vTaskSensor) for vTaskSensor
    main.o(i.AppTaskCreate) refers to main.o(i.vTaskAdc) for vTaskAdc
    main.o(i.AppTaskCreate) refers to main.o(i.vTaskBle) for vTaskBle
    main.o(i.BLE_Test) refers to bsp_uart_fifo.o(i.comGetChar) for comGetChar
    main.o(i.BLE_Test) refers to bsp_uart_fifo.o(i.comSendChar) for comSendChar
    main.o(i.P_GetMsgFromUart) refers to bsp_uart_fifo.o(i.comGetLen) for comGetLen
    main.o(i.P_GetMsgFromUart) refers to bsp_uart_fifo.o(i.comGetChar) for comGetChar
    main.o(i.P_GetMsgFromUart) refers to tasks.o(i.vTaskDelay) for vTaskDelay
    main.o(i.TMY_ParaInit) refers to bsp_motor.o(.bss) for Motor
    main.o(i.TMY_ParaInit) refers to main.o(.bss) for Tmy
    main.o(i.main) refers to bsp.o(i.bsp_Init) for bsp_Init
    main.o(i.main) refers to debug.o(i.debug_en) for debug_en
    main.o(i.main) refers to save2flash.o(i.ReadFromFlash) for ReadFromFlash
    main.o(i.main) refers to main.o(i.TMY_ParaInit) for TMY_ParaInit
    main.o(i.main) refers to main.o(i.start_set) for start_set
    main.o(i.main) refers to main.o(i.AppTaskCreate) for AppTaskCreate
    main.o(i.main) refers to tasks.o(i.vTaskStartScheduler) for vTaskStartScheduler
    main.o(i.start_set) refers to debug.o(i.debug_usr) for debug_usr
    main.o(i.start_set) refers to printf8.o(i.__0printf$8) for __2printf
    main.o(i.vTaskAdc) refers to hx711.o(i.HX711_Init) for HX711_Init
    main.o(i.vTaskAdc) refers to tasks.o(i.vTaskDelay) for vTaskDelay
    main.o(i.vTaskAdc) refers to hx711.o(i.HX711_Read) for HX711_Read
    main.o(i.vTaskAdc) refers to hx711.o(i.PRE_GetLevel) for PRE_GetLevel
    main.o(i.vTaskAdc) refers to main.o(.bss) for Tmy
    main.o(i.vTaskBle) refers to bsp_ble.o(i.BLE_Init) for BLE_Init
    main.o(i.vTaskBle) refers to bsp_ble.o(i.BLE_HwReset) for BLE_HwReset
    main.o(i.vTaskBle) refers to tasks.o(i.vTaskDelay) for vTaskDelay
    main.o(i.vTaskBle) refers to printf8.o(i.__0printf$8) for __2printf
    main.o(i.vTaskBle) refers to bsp_uart_fifo.o(i.comGetChar) for comGetChar
    main.o(i.vTaskBle) refers to bsp_key.o(i.bsp_PutKey) for bsp_PutKey
    main.o(i.vTaskLCD) refers to bsp_uart_lcd.o(i.ULCD_Init) for ULCD_Init
    main.o(i.vTaskLCD) refers to printf8.o(i.__0printf$8) for __2printf
    main.o(i.vTaskLCD) refers to bsp_led.o(i.bsp_LedOff) for bsp_LedOff
    main.o(i.vTaskLCD) refers to tasks.o(i.vTaskDelay) for vTaskDelay
    main.o(i.vTaskLCD) refers to bsp_uart_lcd.o(i.ULCD_Task) for ULCD_Task
    main.o(i.vTaskMotorCtrl) refers to bsp_motor.o(i.MOTOR_Init) for MOTOR_Init
    main.o(i.vTaskMotorCtrl) refers to bsp_motor.o(i.MOTOR_SetDir) for MOTOR_SetDir
    main.o(i.vTaskMotorCtrl) refers to tasks.o(i.vTaskDelay) for vTaskDelay
    main.o(i.vTaskMotorCtrl) refers to bsp_key.o(i.bsp_GetKey) for bsp_GetKey
    main.o(i.vTaskMotorCtrl) refers to hmi_driver.o(i.SetTextValue) for SetTextValue
    main.o(i.vTaskMotorCtrl) refers to bsp_motor.o(i.MOTOR_SetSpeed) for MOTOR_SetSpeed
    main.o(i.vTaskMotorCtrl) refers to bsp_motor.o(i.MOTOR_Stop) for MOTOR_Stop
    main.o(i.vTaskMotorCtrl) refers to hmi_driver.o(i.SetTextInt32) for SetTextInt32
    main.o(i.vTaskMotorCtrl) refers to hmi_driver.o(i.PlayMusic) for PlayMusic
    main.o(i.vTaskMotorCtrl) refers to bsp_uart_lcd.o(i.LCD_ParaInit) for LCD_ParaInit
    main.o(i.vTaskMotorCtrl) refers to hmi_driver.o(i.SetBuzzer) for SetBuzzer
    main.o(i.vTaskMotorCtrl) refers to bsp_motor.o(i.MOTOR_ClrStep) for MOTOR_ClrStep
    main.o(i.vTaskMotorCtrl) refers to bsp_motor.o(.bss) for Motor
    main.o(i.vTaskMotorCtrl) refers to main.o(.data) for dev_sta
    main.o(i.vTaskMotorCtrl) refers to bsp_uart_lcd.o(.data) for lg_lcd_init
    main.o(i.vTaskMotorCtrl) refers to bsp_simple_timer.o(.data) for timer_pedal_up
    main.o(i.vTaskMotorCtrl) refers to main.o(.bss) for Tmy
    main.o(i.vTaskMotorCtrl) refers to bsp_motor.o(.data) for MOTOR_SPEED_INDEX
    main.o(i.vTaskSensor) refers to tasks.o(i.vTaskDelay) for vTaskDelay
    main.o(i.vTaskSensor) refers to bsp_adc_int.o(i.ADC1_GetV) for ADC1_GetV
    main.o(i.vTaskSensor) refers to hmi_driver.o(i.SetTextValue) for SetTextValue
    main.o(i.vTaskSensor) refers to bsp_key.o(i.bsp_GetKeyState) for bsp_GetKeyState
    main.o(i.vTaskSensor) refers to main.o(.bss) for Tmy
    main.o(i.vTaskSensor) refers to bsp_motor.o(.bss) for Motor
    bsp_motor.o(i.MOTOR_ClrStep) refers to bsp_motor.o(.bss) for Motor
[...]
    i.vPortSetupTimerInterrupt               0x08004bc0   Section        0  port.o(i.vPortSetupTimerInterrupt)
    i.vPortValidateInterruptPriority         0x08004bd4   Section        0  port.o(i.vPortValidateInterruptPriority)
    i.vPortYield                             0x08004c30   Section        0  port.o(i.vPortYield)
    i.vQueueWaitForMessageRestricted         0x08004c48   Section        0  queue.o(i.vQueueWaitForMessageRestricted)
    i.vTaskAdc                               0x08004c8c   Section        0  main.o(i.vTaskAdc)
    vTaskAdc                                 0x08004c8d   Thumb Code    34  main.o(i.vTaskAdc)
    i.vTaskBle                               0x08004cb4   Section        0  main.o(i.vTaskBle)
    vTaskBle                                 0x08004cb5   Thumb Code    76  main.o(i.vTaskBle)
    i.vTaskDelay                             0x08004d0c   Section        0  tasks.o(i.vTaskDelay)
    i.vTaskLCD                               0x08004d7c   Section        0  main.o(i.vTaskLCD)
    vTaskLCD                                 0x08004d7d   Thumb Code    30  main.o(i.vTaskLCD)
    i.vTaskMissedYield                       0x08004da8   Section        0  tasks.o(i.vTaskMissedYield)
    i.vTaskMotorCtrl                         0x08004db4   Section        0  main.o(i.vTaskMotorCtrl)
    vTaskMotorCtrl                           0x08004db5   Thumb Code  2116  main.o(i.vTaskMotorCtrl)
    i.vTaskPlaceOnEventList                  0x080056b8   Section        0  tasks.o(i.vTaskPlaceOnEventList)
    i.vTaskPlaceOnEventListRestricted        0x08005728   Section        0  tasks.o(i.vTaskPlaceOnEventListRestricted)
    i.vTaskSensor                            0x0800579c   Section        0  main.o(i.vTaskSensor)
    vTaskSensor                              0x0800579d   Thumb Code   290  main.o(i.vTaskSensor)
    i.vTaskSetTimeOutState                   0x080058d8   Section        0  tasks.o(i.vTaskSetTimeOutState)
    i.vTaskStartScheduler                    0x080058fc   Section        0  tasks.o(i.vTaskStartScheduler)
    i.vTaskSuspendAll                        0x08005964   Section        0  tasks.o(i.vTaskSuspendAll)
    i.vTaskSwitchContext                     0x08005974   Section        0  tasks.o(i.vTaskSwitchContext)
    i.xPortStartScheduler                    0x080059f4   Section        0  port.o(i.xPortStartScheduler)
    i.xQueueGenericCreate                    0x08005a94   Section        0  queue.o(i.xQueueGenericCreate)
    i.xQueueGenericReceive                   0x08005afa   Section        0  queue.o(i.xQueueGenericReceive)
    i.xQueueGenericReset                     0x08005c36   Section        0  queue.o(i.xQueueGenericReset)
    i.xQueueGenericSend                      0x08005cae   Section        0  queue.o(i.xQueueGenericSend)
    i.xQueueGenericSendFromISR               0x08005df0   Section        0  queue.o(i.xQueueGenericSendFromISR)
    i.xTaskCheckForTimeOut                   0x08005e9c   Section        0  tasks.o(i.xTaskCheckForTimeOut)
    i.xTaskGenericCreate                     0x08005f10   Section        0  tasks.o(i.xTaskGenericCreate)
    i.xTaskGetSchedulerState                 0x08006044   Section        0  tasks.o(i.xTaskGetSchedulerState)
    i.xTaskGetTickCount                      0x08006064   Section        0  tasks.o(i.xTaskGetTickCount)
    i.xTaskIncrementTick                     0x08006070   Section        0  tasks.o(i.xTaskIncrementTick)
    i.xTaskRemoveFromEventList               0x080061ac   Section        0  tasks.o(i.xTaskRemoveFromEventList)
    i.xTaskResumeAll                         0x08006238   Section        0  tasks.o(i.xTaskResumeAll)
    i.xTimerCreateTimerTask                  0x08006320   Section        0  timers.o(i.xTimerCreateTimerTask)
    i.xTimerGenericCommand                   0x08006368   Section        0  timers.o(i.xTimerGenericCommand)
    .constdata                               0x080063dc   Section       64  ctype_c.o(.constdata)
    .data                                    0x20000000   Section       24  main.o(.data)
    xHandleTaskLCD                           0x20000004   Data           4  main.o(.data)
    xHandleTaskMotorCtrl                     0x20000008   Data           4  main.o(.data)
    xHandleTaskSensor                        0x2000000c   Data           4  main.o(.data)
    xHandleTaskAdc                           0x20000010   Data           4  main.o(.data)
    xHandleTaskBle                           0x20000014   Data           4  main.o(.data)
    .data                                    0x20000018   Section      212  bsp_motor.o(.data)
    .data                                    0x200000ec   Section       23  bsp_uart_lcd.o(.data)
    current_screen_id                        0x20000100   Data           2  bsp_uart_lcd.o(.data)
    menu_visable                             0x20000102   Data           1  bsp_uart_lcd.o(.data)
    .data                                    0x20000103   Section        1  debug.o(.data)
    .data                                    0x20000104   Section        4  bsp_simple_timer.o(.data)
    .data                                    0x20000108   Section        1  bsp_ble.o(.data)
    .data                                    0x20000109   Section       20  stm32f10x_rcc.o(.data)
    APBAHBPrescTable                         0x20000109   Data          16  stm32f10x_rcc.o(.data)
    ADCPrescTable                            0x20000119   Data           4  stm32f10x_rcc.o(.data)
    .data                                    0x20000120   Section       56  tasks.o(.data)
    pxDelayedTaskList                        0x20000124   Data           4  tasks.o(.data)
    pxOverflowDelayedTaskList                0x20000128   Data           4  tasks.o(.data)
    uxTasksDeleted                           0x2000012c   Data           4  tasks.o(.data)
    uxCurrentNumberOfTasks                   0x20000130   Data           4  tasks.o(.data)
    xTickCount                               0x20000134   Data           4  tasks.o(.data)
    uxTopReadyPriority                       0x20000138   Data           4  tasks.o(.data)
    xSchedulerRunning                        0x2000013c   Data           4  tasks.o(.data)
    uxPendedTicks                            0x20000140   Data           4  tasks.o(.data)
    xYieldPending                            0x20000144   Data           4  tasks.o(.data)
    xNumOfOverflows                          0x20000148   Data           4  tasks.o(.data)
    uxTaskNumber                             0x2000014c   Data           4  tasks.o(.data)
    xNextTaskUnblockTime                     0x20000150   Data           4  tasks.o(.data)
    uxSchedulerSuspended                     0x20000154   Data           4  tasks.o(.data)
    .data                                    0x20000158   Section       16  timers.o(.data)
    pxCurrentTimerList                       0x20000158   Data           4  timers.o(.data)
    pxOverflowTimerList                      0x2000015c   Data           4  timers.o(.data)
    xTimerQueue                              0x20000160   Data           4  timers.o(.data)
    xLastTime                                0x20000164   Data           4  timers.o(.data)
    .data                                    0x20000168   Section       12  port.o(.data)
    uxCriticalNesting                        0x20000168   Data           4  port.o(.data)
    ucMaxSysCallPriority                     0x2000016c   Data           1  port.o(.data)
    ulMaxPRIGROUPValue                       0x20000170   Data           4  port.o(.data)
    .data                                    0x20000174   Section       24  heap_4.o(.data)
    xStart                                   0x20000174   Data           8  heap_4.o(.data)
    pxEnd                                    0x2000017c   Data           4  heap_4.o(.data)
    xFreeBytesRemaining                      0x20000180   Data           4  heap_4.o(.data)
    xMinimumEverFreeBytesRemaining           0x20000184   Data           4  heap_4.o(.data)
    xBlockAllocatedBit                       0x20000188   Data           4  heap_4.o(.data)
    .data                                    0x2000018c   Section        4  stdout.o(.data)
    .bss                                     0x20000190   Section      220  main.o(.bss)
    BLE_TxBuf                                0x20000190   Data         100  main.o(.bss)
    BLE_RxBuf                                0x200001f4   Data         100  main.o(.bss)
    .bss                                     0x2000026c   Section      232  bsp_motor.o(.bss)
    BLE_TxBuf                                0x2000026c   Data         100  bsp_motor.o(.bss)
    BLE_RxBuf                                0x200002d0   Data         100  bsp_motor.o(.bss)
    .bss                                     0x20000354   Section      264  bsp_uart_lcd.o(.bss)
    BLE_TxBuf                                0x20000354   Data         100  bsp_uart_lcd.o(.bss)
    BLE_RxBuf                                0x200003b8   Data         100  bsp_uart_lcd.o(.bss)
    .bss                                     0x2000045c   Section      224  filter.o(.bss)
    BLE_TxBuf                                0x2000045c   Data         100  filter.o(.bss)
    BLE_RxBuf                                0x200004c0   Data         100  filter.o(.bss)
    .bss                                     0x2000053c   Section      280  save2flash.o(.bss)
    BLE_TxBuf                                0x2000053c   Data         100  save2flash.o(.bss)
    BLE_RxBuf                                0x200005a0   Data         100  save2flash.o(.bss)
    .bss                                     0x20000654   Section      389  bsp_key.o(.bss)
    BLE_TxBuf                                0x20000654   Data         100  bsp_key.o(.bss)
    BLE_RxBuf                                0x200006b8   Data         100  bsp_key.o(.bss)
    s_tBtn                                   0x2000071c   Data         176  bsp_key.o(.bss)
    s_tKey                                   0x200007cc   Data          13  bsp_key.o(.bss)
    .bss                                     0x200007dc   Section     1600  bsp_uart_fifo.o(.bss)
    BLE_TxBuf                                0x200007dc   Data         100  bsp_uart_fifo.o(.bss)
    BLE_RxBuf                                0x20000840   Data         100  bsp_uart_fifo.o(.bss)
    g_tUart1                                 0x200008a4   Data          40  bsp_uart_fifo.o(.bss)
    g_TxBuf1                                 0x200008cc   Data         256  bsp_uart_fifo.o(.bss)
    g_RxBuf1                                 0x200009cc   Data         256  bsp_uart_fifo.o(.bss)
    g_tUart2                                 0x20000acc   Data          40  bsp_uart_fifo.o(.bss)
    g_TxBuf2                                 0x20000af4   Data         256  bsp_uart_fifo.o(.bss)
    g_RxBuf2                                 0x20000bf4   Data         256  bsp_uart_fifo.o(.bss)
    g_tUart4                                 0x20000cf4   Data          40  bsp_uart_fifo.o(.bss)
    g_TxBuf4                                 0x20000d1c   Data         128  bsp_uart_fifo.o(.bss)
    g_RxBuf4                                 0x20000d9c   Data         128  bsp_uart_fifo.o(.bss)
    .bss                                     0x20000e1c   Section      230  bsp_ble.o(.bss)
    BLE_TxBuf                                0x20000e1c   Data         100  bsp_ble.o(.bss)
    BLE_RxBuf                                0x20000e80   Data         100  bsp_ble.o(.bss)
    .bss                                     0x20000f04   Section      228  hx711.o(.bss)
    BLE_TxBuf                                0x20000f20   Data         100  hx711.o(.bss)
    BLE_RxBuf                                0x20000f84   Data         100  hx711.o(.bss)
    .bss                                     0x20000fe8   Section      220  tasks.o(.bss)
    pxReadyTasksLists                        0x20000fe8   Data         120  tasks.o(.bss)
    xDelayedTaskList1                        0x20001060   Data          20  tasks.o(.bss)
    xDelayedTaskList2                        0x20001074   Data          20  tasks.o(.bss)
    xPendingReadyList                        0x20001088   Data          20  tasks.o(.bss)
    xTasksWaitingTermination                 0x2000109c   Data          20  tasks.o(.bss)
    xSuspendedTaskList                       0x200010b0   Data          20  tasks.o(.bss)
    .bss                                     0x200010c4   Section       40  timers.o(.bss)
    xActiveTimerList1                        0x200010c4   Data          20  timers.o(.bss)
    xActiveTimerList2                        0x200010d8   Data          20  timers.o(.bss)
    .bss                                     0x200010ec   Section    11264  heap_4.o(.bss)
    ucHeap                                   0x200010ec   Data       11264  heap_4.o(.bss)
    STACK                                    0x20003cf0   Section     2048  startup_stm32f10x_hd.o(STACK)

    Global Symbols

    Symbol Name                              Value     Ov Type        Size  Object(Section)

    BuildAttributes$$THM_ISAv4$P$D$K$B$S$PE$A:L22UL41UL21$X:L11$S22US41US21$IEEE1$IW$USESV6$~STKCKD$USESV7$~SHL$OTIME$ROPI$EBA8$MICROLIB$REQ8$PRES8$EABIv2 0x00000000   Number         0  anon$$obj.o ABSOLUTE
    __ARM_use_no_argv                        0x00000000   Number         0  main.o ABSOLUTE
    _printf_a                                0x00000000   Number         0  stubs.o ABSOLUTE
    _printf_c                                0x00000000   Number         0  stubs.o ABSOLUTE
    _printf_charcount                        0x00000000   Number         0  stubs.o ABSOLUTE
    _printf_d                                0x00000000   Number         0  stubs.o ABSOLUTE
    _printf_e                                0x00000000   Number         0  stubs.o ABSOLUTE
    _printf_f                                0x00000000   Number         0  stubs.o ABSOLUTE
    _printf_flags                            0x00000000   Number         0  stubs.o ABSOLUTE
    _printf_fp_dec                           0x00000000   Number         0  stubs.o ABSOLUTE
    _printf_fp_hex                           0x00000000   Number         0  stubs.o ABSOLUTE
    _printf_g                                0x00000000   Number         0  stubs.o ABSOLUTE
    _printf_i                                0x00000000   Number         0  stubs.o ABSOLUTE
    _printf_int_dec                          0x00000000   Number         0  stubs.o ABSOLUTE
    _printf_l                                0x00000000   Number         0  stubs.o ABSOLUTE
    _printf_lc                               0x00000000   Number         0  stubs.o ABSOLUTE
    _printf_ll                               0x00000000   Number         0  stubs.o ABSOLUTE
    _printf_lld                              0x00000000   Number         0  stubs.o ABSOLUTE
    _printf_lli                              0x00000000   Number         0  stubs.o ABSOLUTE
    _printf_llo                              0x00000000   Number         0  stubs.o ABSOLUTE
    _printf_llu                              0x00000000   Number         0  stubs.o ABSOLUTE
    _printf_llx                              0x00000000   Number         0  stubs.o ABSOLUTE
    _printf_longlong_dec                     0x00000000   Number         0  stubs.o ABSOLUTE
    _printf_longlong_hex                     0x00000000   Number         0  stubs.o ABSOLUTE
    _printf_longlong_oct                     0x00000000   Number         0  stubs.o ABSOLUTE
    _printf_ls                               0x00000000   Number         0  stubs.o ABSOLUTE
    _printf_mbtowc                           0x00000000   Number         0  stubs.o ABSOLUTE
    _printf_n                                0x00000000   Number         0  stubs.o ABSOLUTE
    _printf_o                                0x00000000   Number         0  stubs.o ABSOLUTE
    _printf_p                                0x00000000   Number         0  stubs.o ABSOLUTE
    _printf_percent                          0x00000000   Number         0  stubs.o ABSOLUTE
    _printf_pre_padding                      0x00000000   Number         0  stubs.o ABSOLUTE
    _printf_return_value                     0x00000000   Number         0  stubs.o ABSOLUTE
    _printf_s                                0x00000000   Number         0  stubs.o ABSOLUTE
    _printf_sizespec                         0x00000000   Number         0  stubs.o ABSOLUTE
    _printf_str                              0x00000000   Number         0  stubs.o ABSOLUTE
    _printf_truncate_signed                  0x00000000   Number         0  stubs.o ABSOLUTE
    _printf_truncate_unsigned                0x00000000   Number         0  stubs.o ABSOLUTE
    _printf_u                                0x00000000   Number         0  stubs.o ABSOLUTE
    _printf_wc                               0x00000000   Number         0  stubs.o ABSOLUTE
    _printf_wctomb                           0x00000000   Number         0  stubs.o ABSOLUTE
    _printf_widthprec                        0x00000000   Number         0  stubs.o ABSOLUTE
    _printf_x                                0x00000000   Number         0  stubs.o ABSOLUTE
    __cpp_initialize__aeabi_                  - Undefined Weak Reference
    __cxa_finalize                            - Undefined Weak Reference
    _clock_init                               - Undefined Weak Reference
    _microlib_exit                            - Undefined Weak Reference
    _scanf_longlong                           - Undefined Weak Reference
    _scanf_real                               - Undefined Weak Reference
    _scanf_string                             - Undefined Weak Reference
    __Vectors_Size                           0x00000130   Number         0  startup_stm32f10x_hd.o ABSOLUTE
    __Vectors                                0x08000000   Data           4  startup_stm32f10x_hd.o(RESET)
    __Vectors_End                            0x08000130   Data           0  startup_stm32f10x_hd.o(RESET)
    __main                                   0x08000131   Thumb Code     0  entry.o(.ARM.Collect$$$$00000000)
    _main_stk                                0x08000131   Thumb Code     0  entry2.o(.ARM.Collect$$$$00000001)
    _main_scatterload                        0x08000135   Thumb Code     0  entry5.o(.ARM.Collect$$$$00000004)
    __main_after_scatterload                 0x08000139   Thumb Code     0  entry5.o(.ARM.Collect$$$$00000004)
    _main_clock                              0x08000139   Thumb Code     0  entry7b.o(.ARM.Collect$$$$00000008)
    _main_cpp_init                           0x08000139   Thumb Code     0  entry8b.o(.ARM.Collect$$$$0000000A)
    _main_init                               0x08000139   Thumb Code     0  entry9a.o(.ARM.Collect$$$$0000000B)
    __rt_final_cpp                           0x08000141   Thumb Code     0  entry10a.o(.ARM.Collect$$$$0000000D)
    __rt_final_exit                          0x08000141   Thumb Code     0  entry11a.o(.ARM.Collect$$$$0000000F)
    SVC_Handler                              0x08000145   Thumb Code    32  port.o(.emb_text)
    __asm___6_port_c_39a90d8d__prvStartFirstTask 0x08000169   Thumb Code    28  port.o(.emb_text)
    PendSV_Handler                           0x08000189   Thumb Code    64  port.o(.emb_text)
    ulPortSetInterruptMask                   0x080001cd   Thumb Code    14  port.o(.emb_text)
    vPortClearInterruptMask                  0x080001db   Thumb Code     6  port.o(.emb_text)
    vPortGetIPSR                             0x080001e1   Thumb Code     6  port.o(.emb_text)
    Reset_Handler                            0x080001e9   Thumb Code     8  startup_stm32f10x_hd.o(.text)
    ADC3_IRQHandler                          0x08000203   Thumb Code     0  startup_stm32f10x_hd.o(.text)
    CAN1_RX1_IRQHandler                      0x08000203   Thumb Code     0  startup_stm32f10x_hd.o(.text)
    CAN1_SCE_IRQHandler                      0x08000203   Thumb Code     0  startup_stm32f10x_hd.o(.text)
    DMA1_Channel1_IRQHandler                 0x08000203   Thumb Code     0  startup_stm32f10x_hd.o(.text)
    DMA1_Channel2_IRQHandler                 0x08000203   Thumb Code     0  startup_stm32f10x_hd.o(.text)
    DMA1_Channel3_IRQHandler                 0x08000203   Thumb Code     0  startup_stm32f10x_hd.o(.text)
    DMA1_Channel4_IRQHandler                 0x08000203   Thumb Code     0  startup_stm32f10x_hd.o(.text)
    DMA1_Channel5_IRQHandler                 0x08000203   Thumb Code     0  startup_stm32f10x_hd.o(.text)
    DMA1_Channel6_IRQHandler                 0x08000203   Thumb Code     0  startup_stm32f10x_hd.o(.text)
    DMA1_Channel7_IRQHandler                 0x08000203   Thumb Code     0  startup_stm32f10x_hd.o(.text)
    DMA2_Channel1_IRQHandler                 0x08000203   Thumb Code     0  startup_stm32f10x_hd.o(.text)
    DMA2_Channel2_IRQHandler                 0x08000203   Thumb Code     0  startup_stm32f10x_hd.o(.text)
    DMA2_Channel3_IRQHandler                 0x08000203   Thumb Code     0  startup_stm32f10x_hd.o(.text)
    DMA2_Channel4_5_IRQHandler               0x08000203   Thumb Code     0  startup_stm32f10x_hd.o(.text)
    EXTI0_IRQHandler                         0x08000203   Thumb Code     0  startup_stm32f10x_hd.o(.text)
    EXTI15_10_IRQHandler                     0x08000203   Thumb Code     0  startup_stm32f10x_hd.o(.text)
    EXTI1_IRQHandler                         0x08000203   Thumb Code     0  startup_stm32f10x_hd.o(.text)
    EXTI2_IRQHandler                         0x08000203   Thumb Code     0  startup_stm32f10x_hd.o(.text)
    EXTI3_IRQHandler                         0x08000203   Thumb Code     0  startup_stm32f10x_hd.o(.text)
    EXTI4_IRQHandler                         0x08000203   Thumb Code     0  startup_stm32f10x_hd.o(.text)
    EXTI9_5_IRQHandler                       0x08000203   Thumb Code     0  startup_stm32f10x_hd.o(.text)
    FLASH_IRQHandler                         0x08000203   Thumb Code     0  startup_stm32f10x_hd.o(.text)
    FSMC_IRQHandler                          0x08000203   Thumb Code     0  startup_stm32f10x_hd.o(.text)
    I2C1_ER_IRQHandler                       0x08000203   Thumb Code     0  startup_stm32f10x_hd.o(.text)
    I2C1_EV_IRQHandler                       0x08000203   Thumb Code     0  startup_stm32f10x_hd.o(.text)
    I2C2_ER_IRQHandler                       0x08000203   Thumb Code     0  startup_stm32f10x_hd.o(.text)
    I2C2_EV_IRQHandler                       0x08000203   Thumb Code     0  startup_stm32f10x_hd.o(.text)
    PVD_IRQHandler                           0x08000203   Thumb Code     0  startup_stm32f10x_hd.o(.text)
    RCC_IRQHandler                           0x08000203   Thumb Code     0  startup_stm32f10x_hd.o(.text)
    RTCAlarm_IRQHandler                      0x08000203   Thumb Code     0  startup_stm32f10x_hd.o(.text)
    RTC_IRQHandler                           0x08000203   Thumb Code     0  startup_stm32f10x_hd.o(.text)
    SDIO_IRQHandler                          0x08000203   Thumb Code     0  startup_stm32f10x_hd.o(.text)
    SPI1_IRQHandler                          0x08000203   Thumb Code     0  startup_stm32f10x_hd.o(.text)
    SPI2_IRQHandler                          0x08000203   Thumb Code     0  startup_stm32f10x_hd.o(.text)
    SPI3_IRQHandler                          0x08000203   Thumb Code     0  startup_stm32f10x_hd.o(.text)
    TAMPER_IRQHandler                        0x08000203   Thumb Code     0  startup_stm32f10x_hd.o(.text)
    TIM1_BRK_IRQHandler                      0x08000203   Thumb Code     0  startup_stm32f10x_hd.o(.text)
    TIM1_CC_IRQHandler                       0x08000203   Thumb Code     0  startup_stm32f10x_hd.o(.text)
    TIM1_TRG_COM_IRQHandler                  0x08000203   Thumb Code     0  startup_stm32f10x_hd.o(.text)
    TIM4_IRQHandler                          0x08000203   Thumb Code     0  startup_stm32f10x_hd.o(.text)
    TIM5_IRQHandler                          0x08000203   Thumb Code     0  startup_stm32f10x_hd.o(.text)
    TIM6_IRQHandler                          0x08000203   Thumb Code     0  startup_stm32f10x_hd.o(.text)
    TIM7_IRQHandler                          0x08000203   Thumb Code     0  startup_stm32f10x_hd.o(.text)
    TIM8_BRK_IRQHandler                      0x08000203   Thumb Code     0  startup_stm32f10x_hd.o(.text)
    TIM8_CC_IRQHandler                       0x08000203   Thumb Code     0  startup_stm32f10x_hd.o(.text)
    TIM8_TRG_COM_IRQHandler                  0x08000203   Thumb Code     0  startup_stm32f10x_hd.o(.text)
    TIM8_UP_IRQHandler                       0x08000203   Thumb Code     0  startup_stm32f10x_hd.o(.text)
    UART5_IRQHandler                         0x08000203   Thumb Code     0  startup_stm32f10x_hd.o(.text)
    USART3_IRQHandler                        0x08000203   Thumb Code     0  startup_stm32f10x_hd.o(.text)
    USBWakeUp_IRQHandler                     0x08000203   Thumb Code     0  startup_stm32f10x_hd.o(.text)
    USB_HP_CAN1_TX_IRQHandler                0x08000203   Thumb Code     0  startup_stm32f10x_hd.o(.text)
    USB_LP_CAN1_RX0_IRQHandler               0x08000203   Thumb Code     0  startup_stm32f10x_hd.o(.text)
    WWDG_IRQHandler                          0x08000203   Thumb Code     0  startup_stm32f10x_hd.o(.text)
    __aeabi_memcpy                           0x0800020d   Thumb Code    36  memcpya.o(.text)
    __aeabi_memcpy4                          0x0800020d   Thumb Code     0  memcpya.o(.text)
    __aeabi_memcpy8                          0x0800020d   Thumb Code     0  memcpya.o(.text)
    __0sscanf                                0x08000231   Thumb Code    48  __0sscanf.o(.text)
    _scanf_int                               0x08000269   Thumb Code   332  _scanf_int.o(.text)
    __aeabi_fmul                             0x080003b5   Thumb Code   100  fmul.o(.text)
    __aeabi_fdiv                             0x08000419   Thumb Code   124  fdiv.o(.text)
    __aeabi_dmul                             0x08000495   Thumb Code   228  dmul.o(.text)
    __aeabi_ddiv                             0x08000579   Thumb Code   222  ddiv.o(.text)
    __aeabi_ui2f                             0x08000657   Thumb Code    10  ffltui.o(.text)
    __aeabi_f2uiz                            0x08000661   Thumb Code    40  ffixui.o(.text)
    __aeabi_f2d                              0x08000689   Thumb Code    38  f2d.o(.text)
    __aeabi_d2f                              0x080006af   Thumb Code    56  d2f.o(.text)
    __aeabi_uldivmod                         0x080006e7   Thumb Code    98  uldiv.o(.text)
    _chval                                   0x08000749   Thumb Code    28  _chval.o(.text)
    __vfscanf_char                           0x08000771   Thumb Code    20  scanf_char.o(.text)
    _sgetc                                   0x0800078d   Thumb Code    30  _sgetc.o(.text)
    _sbackspace                              0x080007ab   Thumb Code    34  _sgetc.o(.text)
    __I$use$fp                               0x080007cd   Thumb Code     0  iusefp.o(.text)
    _float_round                             0x080007cd   Thumb Code    18  fepilogue.o(.text)
    _float_epilogue                          0x080007df   Thumb Code    92  fepilogue.o(.text)
    _double_round                            0x0800083b   Thumb Code    30  depilogue.o(.text)
    _double_epilogue                         0x08000859   Thumb Code   156  depilogue.o(.text)
    __scatterload                            0x080008f5   Thumb Code    28  init.o(.text)
    __scatterload_rt2                        0x080008f5   Thumb Code     0  init.o(.text)
    __aeabi_llsl                             0x08000919   Thumb Code    30  llshl.o(.text)
    _ll_shift_l                              0x08000919   Thumb Code     0  llshl.o(.text)
    __aeabi_llsr                             0x08000937   Thumb Code    32  llushr.o(.text)
    _ll_ushift_r                             0x08000937   Thumb Code     0  llushr.o(.text)
    isspace                                  0x08000957   Thumb Code    10  isspace_c.o(.text)
    __vfscanf                                0x08000961   Thumb Code   808  _scanf.o(.text)
    __ctype_lookup                           0x08000c8d   Thumb Code    34  ctype_c.o(.text)
    __decompress                             0x08000cb5   Thumb Code     0  __dczerorl2.o(.text)
    __decompress1                            0x08000cb5   Thumb Code    86  __dczerorl2.o(.text)
    ADC1_2_IRQHandler                        0x08000d0d   Thumb Code    42  bsp_adc_int.o(i.ADC1_2_IRQHandler)
    ADC1_GetV                                0x08000d61   Thumb Code   196  bsp_adc_int.o(i.ADC1_GetV)
    ADC1_InSigEn                             0x08000e59   Thumb Code    18  bsp_adc_int.o(i.ADC1_InSigEn)
    ADC1_InSigEnInit                         0x08000e71   Thumb Code    58  bsp_adc_int.o(i.ADC1_InSigEnInit)
    ADC1_Init                                0x08000eb1   Thumb Code    24  bsp_adc_int.o(i.ADC1_Init)
    ADC_ClearITPendingBit                    0x08000f55   Thumb Code    10  stm32f10x_adc.o(i.ADC_ClearITPendingBit)
    ADC_Cmd                                  0x08000f5f   Thumb Code    22  stm32f10x_adc.o(i.ADC_Cmd)
    ADC_GetCalibrationStatus                 0x08000f75   Thumb Code    20  stm32f10x_adc.o(i.ADC_GetCalibrationStatus)
    ADC_GetConversionValue                   0x08000f89   Thumb Code     8  stm32f10x_adc.o(i.ADC_GetConversionValue)
    ADC_GetITStatus                          0x08000f91   Thumb Code    36  stm32f10x_adc.o(i.ADC_GetITStatus)
    ADC_GetResetCalibrationStatus            0x08000fb5   Thumb Code    20  stm32f10x_adc.o(i.ADC_GetResetCalibrationStatus)
    ADC_ITConfig                             0x08000fc9   Thumb Code    24  stm32f10x_adc.o(i.ADC_ITConfig)
    ADC_Init                                 0x08000fe1   Thumb Code    70  stm32f10x_adc.o(i.ADC_Init)
    ADC_RegularChannelConfig                 0x08001053   Thumb Code   184  stm32f10x_adc.o(i.ADC_RegularChannelConfig)
    ADC_ResetCalibration                     0x0800110b   Thumb Code    10  stm32f10x_adc.o(i.ADC_ResetCalibration)
    ADC_SoftwareStartConvCmd                 0x08001115   Thumb Code    22  stm32f10x_adc.o(i.ADC_SoftwareStartConvCmd)
    ADC_StartCalibration                     0x0800112b   Thumb Code    10  stm32f10x_adc.o(i.ADC_StartCalibration)
    AnimationPlayFrame                       0x08001135   Thumb Code    82  hmi_driver.o(i.AnimationPlayFrame)
    BEEP_InitHard                            0x08001271   Thumb Code    48  bsp_beep.o(i.BEEP_InitHard)
    BLE_HwReset                              0x080012a5   Thumb Code    36  bsp_ble.o(i.BLE_HwReset)
    BLE_Init                                 0x080012dd   Thumb Code    12  bsp_ble.o(i.BLE_Init)
    BLE_IoInit                               0x080012e9   Thumb Code    90  bsp_ble.o(i.BLE_IoInit)
    BLE_VarInit                              0x0800134d   Thumb Code     8  bsp_ble.o(i.BLE_VarInit)
    BusFault_Handler                         0x08001359   Thumb Code     4  stm32f10x_it.o(i.BusFault_Handler)
    ComToUart                                0x0800135d   Thumb Code    44  bsp_uart_fifo.o(i.ComToUart)
    DebugMon_Handler                         0x080013f3   Thumb Code     2  stm32f10x_it.o(i.DebugMon_Handler)
    FILTER_Clear                             0x080013f5   Thumb Code    10  filter.o(i.FILTER_Clear)
    FILTER_Get                               0x08001405   Thumb Code   166  filter.o(i.FILTER_Get)
    FILTER_Push                              0x080014b1   Thumb Code    44  filter.o(i.FILTER_Push)
    FLASH_ErasePage                          0x080014e1   Thumb Code    72  stm32f10x_flash.o(i.FLASH_ErasePage)
    FLASH_GetBank1Status                     0x0800152d   Thumb Code    48  stm32f10x_flash.o(i.FLASH_GetBank1Status)
    FLASH_Lock                               0x08001561   Thumb Code    14  stm32f10x_flash.o(i.FLASH_Lock)
    FLASH_ProgramHalfWord                    0x08001575   Thumb Code    60  stm32f10x_flash.o(i.FLASH_ProgramHalfWord)
    FLASH_Unlock                             0x080015b5   Thumb Code    12  stm32f10x_flash.o(i.FLASH_Unlock)
    FLASH_WaitForLastOperation               0x080015cd   Thumb Code    38  stm32f10x_flash.o(i.FLASH_WaitForLastOperation)
    GPIO_Init                                0x080015f3   Thumb Code   278  stm32f10x_gpio.o(i.GPIO_Init)
    GPIO_ReadInputData                       0x08001709   Thumb Code     8  stm32f10x_gpio.o(i.GPIO_ReadInputData)
    GPIO_ReadInputDataBit                    0x08001711   Thumb Code    18  stm32f10x_gpio.o(i.GPIO_ReadInputDataBit)
    GPIO_ResetBits                           0x08001723   Thumb Code     4  stm32f10x_gpio.o(i.GPIO_ResetBits)
    GPIO_SetBits                             0x08001727   Thumb Code     4  stm32f10x_gpio.o(i.GPIO_SetBits)
    HX711_Init                               0x0800172d   Thumb Code    60  hx711.o(i.HX711_Init)
    HX711_Read                               0x0800176d   Thumb Code   138  hx711.o(i.HX711_Read)
    HardFault_Handler                        0x080017fd   Thumb Code    40  stm32f10x_it.o(i.HardFault_Handler)
    LCD_ParaInit                             0x08001b09   Thumb Code   254  bsp_uart_lcd.o(i.LCD_ParaInit)
    MOTOR_ClrStep                            0x08001c35   Thumb Code     8  bsp_motor.o(i.MOTOR_ClrStep)
    MOTOR_Init                               0x08001c41   Thumb Code    28  bsp_motor.o(i.MOTOR_Init)
    MOTOR_SetDir                             0x08001c65   Thumb Code    72  bsp_motor.o(i.MOTOR_SetDir)
    MOTOR_SetSpeed                           0x08001cc5   Thumb Code    80  bsp_motor.o(i.MOTOR_SetSpeed)
    MOTOR_Start                              0x08001d1d   Thumb Code    26  bsp_motor.o(i.MOTOR_Start)
    MOTOR_Stop                               0x08001d41   Thumb Code    24  bsp_motor.o(i.MOTOR_Stop)
    MemManage_Handler                        0x08001d61   Thumb Code     4  stm32f10x_it.o(i.MemManage_Handler)
    MemReadByte                              0x08001d65   Thumb Code    32  save2flash.o(i.MemReadByte)
    MemWriteByte                             0x08001d89   Thumb Code    82  save2flash.o(i.MemWriteByte)
    NMI_Handler                              0x08001de1   Thumb Code     2  stm32f10x_it.o(i.NMI_Handler)
    NOTIFYHandShake                          0x08001de3   Thumb Code    14  bsp_uart_lcd.o(i.NOTIFYHandShake)
    NVIC_Init                                0x08001df1   Thumb Code   100  misc.o(i.NVIC_Init)
    NVIC_PriorityGroupConfig                 0x08001e61   Thumb Code    10  misc.o(i.NVIC_PriorityGroupConfig)
    NotifyButton                             0x08001e75   Thumb Code   662  bsp_uart_lcd.o(i.NotifyButton)
    NotifyMenu                               0x0800215d   Thumb Code     2  bsp_uart_lcd.o(i.NotifyMenu)
    NotifyMeter                              0x0800215f   Thumb Code     2  bsp_uart_lcd.o(i.NotifyMeter)
    NotifyProgress                           0x08002161   Thumb Code     2  bsp_uart_lcd.o(i.NotifyProgress)
    NotifyReadFlash                          0x08002163   Thumb Code     2  bsp_uart_lcd.o(i.NotifyReadFlash)
    NotifyReadRTC                            0x08002165   Thumb Code     8  bsp_uart_lcd.o(i.NotifyReadRTC)
    NotifyScreen                             0x0800216d   Thumb Code    68  bsp_uart_lcd.o(i.NotifyScreen)
    NotifySelector                           0x080021bd   Thumb Code     2  bsp_uart_lcd.o(i.NotifySelector)
    NotifySlider                             0x080021bf   Thumb Code    50  bsp_uart_lcd.o(i.NotifySlider)
    NotifyText                               0x080021f1   Thumb Code   102  bsp_uart_lcd.o(i.NotifyText)
    NotifyTimer                              0x0800225d   Thumb Code     2  bsp_uart_lcd.o(i.NotifyTimer)
    NotifyTouchXY                            0x0800225f   Thumb Code     2  bsp_uart_lcd.o(i.NotifyTouchXY)
    NotifyWriteFlash                         0x08002261   Thumb Code     2  bsp_uart_lcd.o(i.NotifyWriteFlash)
    PRE_Adjust                               0x08002265   Thumb Code    24  hx711.o(i.PRE_Adjust)
    PRE_GetLevel                             0x08002285   Thumb Code    32  hx711.o(i.PRE_GetLevel)
    PlayMusic                                0x080022a9   Thumb Code    64  hmi_driver.o(i.PlayMusic)
    ProcessMessage                           0x080022e9   Thumb Code   384  bsp_uart_lcd.o(i.ProcessMessage)
    RCC_AHBPeriphClockCmd                    0x0800246d   Thumb Code    26  stm32f10x_rcc.o(i.RCC_AHBPeriphClockCmd)
    RCC_APB1PeriphClockCmd                   0x0800248d   Thumb Code    26  stm32f10x_rcc.o(i.RCC_APB1PeriphClockCmd)
    RCC_APB2PeriphClockCmd                   0x080024ad   Thumb Code    26  stm32f10x_rcc.o(i.RCC_APB2PeriphClockCmd)
    RCC_GetClocksFreq                        0x080024cd   Thumb Code   192  stm32f10x_rcc.o(i.RCC_GetClocksFreq)
    RS485_InitTXE                            0x080025a1   Thumb Code    38  bsp_uart_fifo.o(i.RS485_InitTXE)
    ReadFromFlash                            0x080025cd   Thumb Code    14  save2flash.o(i.ReadFromFlash)
    SaveToFlash                              0x080025e1   Thumb Code    12  save2flash.o(i.SaveToFlash)
    SendChar                                 0x080025f1   Thumb Code    14  hmi_user_uart.o(i.SendChar)
    SendStrings                              0x080025ff   Thumb Code    22  hmi_driver.o(i.SendStrings)
    SetButtonValue                           0x08002615   Thumb Code    82  hmi_driver.o(i.SetButtonValue)
    SetBuzzer                                0x08002667   Thumb Code    48  hmi_driver.o(i.SetBuzzer)
    SetControlEnable                         0x08002697   Thumb Code    82  hmi_driver.o(i.SetControlEnable)
    SetControlVisiable                       0x080026e9   Thumb Code    82  hmi_driver.o(i.SetControlVisiable)
    SetProgressValue                         0x0800273b   Thumb Code   104  hmi_driver.o(i.SetProgressValue)
    SetTextInt32                             0x0800288d   Thumb Code   140  hmi_driver.o(i.SetTextInt32)
    SetTextValue                             0x08002919   Thumb Code    82  hmi_driver.o(i.SetTextValue)
    SysTick_Handler                          0x0800296d   Thumb Code    28  port.o(i.SysTick_Handler)
    SystemInit                               0x0800298d   Thumb Code    78  system_stm32f10x.o(i.SystemInit)
    TIM1_UP_IRQHandler                       0x080029ed   Thumb Code    72  bsp_motor.o(i.TIM1_UP_IRQHandler)
    TIM1_config                              0x08002a3d   Thumb Code   190  bsp_motor.o(i.TIM1_config)
    TIM2_IRQHandler                          0x08002b05   Thumb Code   126  bsp_simple_timer.o(i.TIM2_IRQHandler)
    TIM3_IRQHandler                          0x08002b99   Thumb Code    72  bsp_simple_timer.o(i.TIM3_IRQHandler)
    TIM_ARRPreloadConfig                     0x08002bf1   Thumb Code    24  stm32f10x_tim.o(i.TIM_ARRPreloadConfig)
    TIM_ClearITPendingBit                    0x08002c09   Thumb Code     6  stm32f10x_tim.o(i.TIM_ClearITPendingBit)
    TIM_Cmd                                  0x08002c0f   Thumb Code    24  stm32f10x_tim.o(i.TIM_Cmd)
    TIM_CtrlPWMOutputs                       0x08002c27   Thumb Code    30  stm32f10x_tim.o(i.TIM_CtrlPWMOutputs)
    TIM_GetITStatus                          0x08002c45   Thumb Code    34  stm32f10x_tim.o(i.TIM_GetITStatus)
    TIM_ITConfig                             0x08002c67   Thumb Code    18  stm32f10x_tim.o(i.TIM_ITConfig)
    TIM_OC4Init                              0x08002c79   Thumb Code   114  stm32f10x_tim.o(i.TIM_OC4Init)
    TIM_OC4PreloadConfig                     0x08002cf5   Thumb Code    26  stm32f10x_tim.o(i.TIM_OC4PreloadConfig)
    TIM_SelectOutputTrigger                  0x08002d0f   Thumb Code    18  stm32f10x_tim.o(i.TIM_SelectOutputTrigger)
    TIM_SetAutoreload                        0x08002d21   Thumb Code     4  stm32f10x_tim.o(i.TIM_SetAutoreload)
    TIM_SetCompare4                          0x08002d25   Thumb Code     6  stm32f10x_tim.o(i.TIM_SetCompare4)
    TIM_SetCounter                           0x08002d2b   Thumb Code     4  stm32f10x_tim.o(i.TIM_SetCounter)
    TIM_TimeBaseInit                         0x08002d31   Thumb Code   122  stm32f10x_tim.o(i.TIM_TimeBaseInit)
    TMY_ParaInit                             0x08002dd5   Thumb Code    72  main.o(i.TMY_ParaInit)
    TimeInit                                 0x08002e29   Thumb Code    12  bsp_simple_timer.o(i.TimeInit)
    UART4_IRQHandler                         0x08002e35   Thumb Code    10  bsp_uart_fifo.o(i.UART4_IRQHandler)
    ULCD_Init                                0x08002e45   Thumb Code    34  bsp_uart_lcd.o(i.ULCD_Init)
    ULCD_InitIO                              0x08002e79   Thumb Code    66  bsp_uart_lcd.o(i.ULCD_InitIO)
    ULCD_Task                                0x08002ec1   Thumb Code   146  bsp_uart_lcd.o(i.ULCD_Task)
    USART1_IRQHandler                        0x08002f6d   Thumb Code    10  bsp_uart_fifo.o(i.USART1_IRQHandler)
    USART2_IRQHandler                        0x08002f7d   Thumb Code    10  bsp_uart_fifo.o(i.USART2_IRQHandler)
    USART_ClearFlag                          0x08002f8d   Thumb Code    18  stm32f10x_usart.o(i.USART_ClearFlag)
    USART_Cmd                                0x08002f9f   Thumb Code    24  stm32f10x_usart.o(i.USART_Cmd)
    USART_GetFlagStatus                      0x08002fb7   Thumb Code    26  stm32f10x_usart.o(i.USART_GetFlagStatus)
    USART_GetITStatus                        0x08002fd1   Thumb Code    84  stm32f10x_usart.o(i.USART_GetITStatus)
    USART_ITConfig                           0x08003025   Thumb Code    74  stm32f10x_usart.o(i.USART_ITConfig)
    USART_Init                               0x08003071   Thumb Code   210  stm32f10x_usart.o(i.USART_Init)
    USART_ReceiveData                        0x08003149   Thumb Code    10  stm32f10x_usart.o(i.USART_ReceiveData)
    USART_SendData                           0x08003153   Thumb Code     8  stm32f10x_usart.o(i.USART_SendData)
    UpdateUI                                 0x0800339d   Thumb Code   502  bsp_uart_lcd.o(i.UpdateUI)
    UsageFault_Handler                       0x080035c9   Thumb Code     4  stm32f10x_it.o(i.UsageFault_Handler)
    __0printf$8                              0x080035cd   Thumb Code    22  printf8.o(i.__0printf$8)
    __1printf$8                              0x080035cd   Thumb Code     0  printf8.o(i.__0printf$8)
    __2printf                                0x080035cd   Thumb Code     0  printf8.o(i.__0printf$8)
    __scatterload_copy                       0x080035ed   Thumb Code    14  handlers.o(i.__scatterload_copy)
    __scatterload_null                       0x080035fb   Thumb Code     2  handlers.o(i.__scatterload_null)
    __scatterload_zeroinit                   0x080035fd   Thumb Code    14  handlers.o(i.__scatterload_zeroinit)
    bsp_GetKey                               0x08003b3d   Thumb Code    46  bsp_key.o(i.bsp_GetKey)
    bsp_GetKeyState                          0x08003b71   Thumb Code    12  bsp_key.o(i.bsp_GetKeyState)
    bsp_Init                                 0x08003b81   Thumb Code    40  bsp.o(i.bsp_Init)
    bsp_InitDWT                              0x08003ba9   Thumb Code    30  bsp_dwt.o(i.bsp_InitDWT)
    bsp_InitKey                              0x08003bd1   Thumb Code    12  bsp_key.o(i.bsp_InitKey)
    bsp_InitLed                              0x08003d51   Thumb Code   110  bsp_led.o(i.bsp_InitLed)
    bsp_InitUart                             0x08003dc5   Thumb Code    20  bsp_uart_fifo.o(i.bsp_InitUart)
    bsp_KeyScan                              0x08003dd9   Thumb Code    22  bsp_key.o(i.bsp_KeyScan)
    bsp_LedOff                               0x08003df1   Thumb Code    54  bsp_led.o(i.bsp_LedOff)
    bsp_PutKey                               0x08003e2d   Thumb Code    28  bsp_key.o(i.bsp_PutKey)
    comGetChar                               0x08003e4d   Thumb Code    30  bsp_uart_fifo.o(i.comGetChar)
    comGetLen                                0x08003e6b   Thumb Code    16  bsp_uart_fifo.o(i.comGetLen)
    comSendBuf                               0x08003e7b   Thumb Code    46  bsp_uart_fifo.o(i.comSendBuf)
    debug_ble                                0x08003ea9   Thumb Code    18  debug.o(i.debug_ble)
    debug_en                                 0x08003ec1   Thumb Code     6  debug.o(i.debug_en)
    debug_usr                                0x08003ecd   Thumb Code    18  debug.o(i.debug_usr)
    delay_ms                                 0x08003ee5   Thumb Code    18  bsp_dwt.o(i.delay_ms)
    delay_us                                 0x08003ef7   Thumb Code    14  bsp_dwt.o(i.delay_us)
    fputc                                    0x08003f05   Thumb Code    32  bsp_uart_fifo.o(i.fputc)
    main                                     0x08003f29   Thumb Code    42  main.o(i.main)
    motor_dir_init                           0x08003f55   Thumb Code    50  bsp_motor.o(i.motor_dir_init)
    motor_pul_init                           0x08003f8d   Thumb Code    12  bsp_motor.o(i.motor_pul_init)
    pvPortMalloc                             0x0800474d   Thumb Code   254  heap_4.o(i.pvPortMalloc)
    pxPortInitialiseStack                    0x08004861   Thumb Code    26  port.o(i.pxPortInitialiseStack)
    queue_find_cmd                           0x08004881   Thumb Code   100  cmd_queue.o(i.queue_find_cmd)
    start_set                                0x080048e5   Thumb Code    42  main.o(i.start_set)
    timer2_init                              0x08004971   Thumb Code   100  bsp_simple_timer.o(i.timer2_init)
    timer3_init                              0x080049d5   Thumb Code   108  bsp_simple_timer.o(i.timer3_init)
    uxListRemove                             0x08004a45   Thumb Code    40  list.o(i.uxListRemove)
    vListInitialise                          0x08004a6d   Thumb Code    26  list.o(i.vListInitialise)
    vListInitialiseItem                      0x08004a87   Thumb Code     6  list.o(i.vListInitialiseItem)
    vListInsert                              0x08004a8d   Thumb Code    52  list.o(i.vListInsert)
    vListInsertEnd                           0x08004ac1   Thumb Code    24  list.o(i.vListInsertEnd)
    vPortEnterCritical                       0x08004ad9   Thumb Code    58  port.o(i.vPortEnterCritical)
    vPortExitCritical                        0x08004b1d   Thumb Code    40  port.o(i.vPortExitCritical)
    vPortFree                                0x08004b49   Thumb Code   112  heap_4.o(i.vPortFree)
    vPortSetupTimerInterrupt                 0x08004bc1   Thumb Code    14  port.o(i.vPortSetupTimerInterrupt)
    vPortValidateInterruptPriority           0x08004bd5   Thumb Code    78  port.o(i.vPortValidateInterruptPriority)
    vPortYield                               0x08004c31   Thumb Code    18  port.o(i.vPortYield)
    vQueueWaitForMessageRestricted           0x08004c49   Thumb Code    66  queue.o(i.vQueueWaitForMessageRestricted)
    vTaskDelay                               0x08004d0d   Thumb Code    94  tasks.o(i.vTaskDelay)
    vTaskMissedYield                         0x08004da9   Thumb Code     8  tasks.o(i.vTaskMissedYield)
    vTaskPlaceOnEventList                    0x080056b9   Thumb Code    94  tasks.o(i.vTaskPlaceOnEventList)
    vTaskPlaceOnEventListRestricted          0x08005729   Thumb Code   100  tasks.o(i.vTaskPlaceOnEventListRestricted)
    vTaskSetTimeOutState                     0x080058d9   Thumb Code    28  tasks.o(i.vTaskSetTimeOutState)
    vTaskStartScheduler                      0x080058fd   Thumb Code    80  tasks.o(i.vTaskStartScheduler)
    vTaskSuspendAll                          0x08005965   Thumb Code    12  tasks.o(i.vTaskSuspendAll)
    vTaskSwitchContext                       0x08005975   Thumb Code   106  tasks.o(i.vTaskSwitchContext)
    xPortStartScheduler                      0x080059f5   Thumb Code   140  port.o(i.xPortStartScheduler)
    xQueueGenericCreate                      0x08005a95   Thumb Code   102  queue.o(i.xQueueGenericCreate)
    xQueueGenericReceive                     0x08005afb   Thumb Code   316  queue.o(i.xQueueGenericReceive)
    xQueueGenericReset                       0x08005c37   Thumb Code   120  queue.o(i.xQueueGenericReset)
    xQueueGenericSend                        0x08005caf   Thumb Code   322  queue.o(i.xQueueGenericSend)
    xQueueGenericSendFromISR                 0x08005df1   Thumb Code   172  queue.o(i.xQueueGenericSendFromISR)
    xTaskCheckForTimeOut                     0x08005e9d   Thumb Code   108  tasks.o(i.xTaskCheckForTimeOut)
    xTaskGenericCreate                       0x08005f11   Thumb Code   282  tasks.o(i.xTaskGenericCreate)
    xTaskGetSchedulerState                   0x08006045   Thumb Code    24  tasks.o(i.xTaskGetSchedulerState)
    xTaskGetTickCount                        0x08006065   Thumb Code     6  tasks.o(i.xTaskGetTickCount)
    xTaskIncrementTick                       0x08006071   Thumb Code   272  tasks.o(i.xTaskIncrementTick)
    xTaskRemoveFromEventList                 0x080061ad   Thumb Code   114  tasks.o(i.xTaskRemoveFromEventList)
    xTaskResumeAll                           0x08006239   Thumb Code   200  tasks.o(i.xTaskResumeAll)
    xTimerCreateTimerTask                    0x08006321   Thumb Code    56  timers.o(i.xTimerCreateTimerTask)
    xTimerGenericCommand                     0x08006369   Thumb Code   112  timers.o(i.xTimerGenericCommand)
    __ctype_categories                       0x080063dc   Data          64  ctype_c.o(.constdata)
    Region$$Table$$Base                      0x0800641c   Number         0  anon$$obj.o(Region$$Table)
    Region$$Table$$Limit                     0x0800643c   Number         0  anon$$obj.o(Region$$Table)
    dg_sta                                   0x20000000   Data           1  main.o(.data)
    dev_sta                                  0x20000001   Data           1  main.o(.data)
    BEEP_TIMER                               0x20000018   Data          16  bsp_motor.o(.data)
    MOTOR_SPEED_DISPLAY                      0x20000028   Data          72  bsp_motor.o(.data)
    MOTOR_SPEED_CYCLE                        0x20000070   Data          16  bsp_motor.o(.data)
    MOTOR_SPEED_INDEX                        0x20000080   Data          24  bsp_motor.o(.data)
    DIS_PLAY                                 0x20000098   Data          84  bsp_motor.o(.data)
    lg_lcd_init                              0x200000ec   Data           1  bsp_uart_lcd.o(.data)
    dg_sta_befor                             0x200000ed   Data           1  bsp_uart_lcd.o(.data)
    timer_lcd_update                         0x200000f0   Data           4  bsp_uart_lcd.o(.data)
    timer_beep                               0x200000f4   Data           4  bsp_uart_lcd.o(.data)
    lcd_prosser                              0x200000f8   Data           2  bsp_uart_lcd.o(.data)
    timer_tick_count                         0x200000fc   Data           4  bsp_uart_lcd.o(.data)
    lg_debug_en                              0x20000103   Data           1  debug.o(.data)
    timer_pedal_up                           0x20000104   Data           1  bsp_simple_timer.o(.data)
    timer_pedal_down                         0x20000105   Data           1  bsp_simple_timer.o(.data)
    timer_dg_init                            0x20000106   Data           1  bsp_simple_timer.o(.data)
    timer_ble_netledon                       0x20000107   Data           1  bsp_simple_timer.o(.data)
    ble_state_tem                            0x20000108   Data           1  bsp_ble.o(.data)
    pxCurrentTCB                             0x20000120   Data           4  tasks.o(.data)
    __stdout                                 0x2000018c   Data           4  stdout.o(.data)
    Tmy                                      0x20000258   Data          20  main.o(.bss)
    Motor                                    0x20000334   Data          32  bsp_motor.o(.bss)
    cmd_buffer                               0x2000041c   Data          64  bsp_uart_lcd.o(.bss)
    FilterTem                                0x20000524   Data          24  filter.o(.bss)
    data_saved                               0x20000604   Data          80  save2flash.o(.bss)
    Ble                                      0x20000ee4   Data          30  bsp_ble.o(.bss)
    PressureTable                            0x20000f04   Data          28  hx711.o(.bss)
    __initial_sp                             0x200044f0   Data           0  startup_stm32f10x_hd.o(STACK)



==============================================================================

Memory Map of the image

  Image Entry point : 0x08000131

  Load Region LR_IROM1 (Base: 0x08000000, Size: 0x000065cc, Max: 0x00080000, ABSOLUTE, COMPRESSED[0x000064c8])

    Execution Region ER_IROM1 (Exec base: 0x08000000, Load base: 0x08000000, Size: 0x0000643c, Max: 0x00080000, ABSOLUTE)

    Exec Addr    Load Addr    Size         Type   Attr      Idx    E Section Name        Object

    0x08000000   0x08000000   0x00000130   Data   RO         2559    RESET               startup_stm32f10x_hd.o
    0x08000130   0x08000130   0x00000000   Code   RO         4866  * .ARM.Collect$$$$00000000  mc_w.l(entry.o)
    0x08000130   0x08000130   0x00000004   Code   RO         5161    .ARM.Collect$$$$00000001  mc_w.l(entry2.o)
    0x08000134   0x08000134   0x00000004   Code   RO         5164    .ARM.Collect$$$$00000004  mc_w.l(entry5.o)
    0x08000138   0x08000138   0x00000000   Code   RO         5166    .ARM.Collect$$$$00000008  mc_w.l(entry7b.o)
    0x08000138   0x08000138   0x00000000   Code   RO         5168    .ARM.Collect$$$$0000000A  mc_w.l(entry8b.o)
    0x08000138   0x08000138   0x00000008   Code   RO         5169    .ARM.Collect$$$$0000000B  mc_w.l(entry9a.o)
    0x08000140   0x08000140   0x00000000   Code   RO         5171    .ARM.Collect$$$$0000000D  mc_w.l(entry10a.o)
    0x08000140   0x08000140   0x00000000   Code   RO         5173    .ARM.Collect$$$$0000000F  mc_w.l(entry11a.o)
    0x08000140   0x08000140   0x00000004   Code   RO         5162    .ARM.Collect$$$$00002712  mc_w.l(entry2.o)
    0x08000144   0x08000144   0x000000a2   Code   RO         4746    .emb_text           port.o
    0x080001e6   0x080001e6   0x00000002   PAD
    0x080001e8   0x080001e8   0x00000024   Code   RO         2560    .text               startup_stm32f10x_hd.o
    0x0800020c   0x0800020c   0x00000024   Code   RO         4872    .text               mc_w.l(memcpya.o)
    0x08000230   0x08000230   0x00000038   Code   RO         5141    .text               mc_w.l(__0sscanf.o)
    0x08000268   0x08000268   0x0000014c   Code   RO         5143    .text               mc_w.l(_scanf_int.o)
    0x080003b4   0x080003b4   0x00000064   Code   RO         5145    .text               mf_w.l(fmul.o)
    0x08000418   0x08000418   0x0000007c   Code   RO         5147    .text               mf_w.l(fdiv.o)
    0x08000494   0x08000494   0x000000e4   Code   RO         5149    .text               mf_w.l(dmul.o)
    0x08000578   0x08000578   0x000000de   Code   RO         5151    .text               mf_w.l(ddiv.o)
    0x08000656   0x08000656   0x0000000a   Code   RO         5153    .text               mf_w.l(ffltui.o)
    0x08000660   0x08000660   0x00000028   Code   RO         5155    .text               mf_w.l(ffixui.o)
    0x08000688   0x08000688   0x00000026   Code   RO         5157    .text               mf_w.l(f2d.o)
    0x080006ae   0x080006ae   0x00000038   Code   RO         5159    .text               mf_w.l(d2f.o)
    0x080006e6   0x080006e6   0x00000062   Code   RO         5178    .text               mc_w.l(uldiv.o)
    0x08000748   0x08000748   0x0000001c   Code   RO         5180    .text               mc_w.l(_chval.o)
    0x08000764   0x08000764   0x00000028   Code   RO         5182    .text               mc_w.l(scanf_char.o)
    0x0800078c   0x0800078c   0x00000040   Code   RO         5184    .text               mc_w.l(_sgetc.o)
    0x080007cc   0x080007cc   0x00000000   Code   RO         5186    .text               mc_w.l(iusefp.o)
    0x080007cc   0x080007cc   0x0000006e   Code   RO         5187    .text               mf_w.l(fepilogue.o)
    0x0800083a   0x0800083a   0x000000ba   Code   RO         5189    .text               mf_w.l(depilogue.o)
    0x080008f4   0x080008f4   0x00000024   Code   RO         5197    .text               mc_w.l(init.o)
    0x08000918   0x08000918   0x0000001e   Code   RO         5199    .text               mc_w.l(llshl.o)
    0x08000936   0x08000936   0x00000020   Code   RO         5201    .text               mc_w.l(llushr.o)
    0x08000956   0x08000956   0x0000000a   Code   RO         5205    .text               mc_w.l(isspace_c.o)
    0x08000960   0x08000960   0x0000032c   Code   RO         5207    .text               mc_w.l(_scanf.o)
    0x08000c8c   0x08000c8c   0x00000028   Code   RO         5209    .text               mc_w.l(ctype_c.o)
    0x08000cb4   0x08000cb4   0x00000056   Code   RO         5220    .text               mc_w.l(__dczerorl2.o)
    0x08000d0a   0x08000d0a   0x00000002   PAD
    0x08000d0c   0x08000d0c   0x00000030   Code   RO         1421    i.ADC1_2_IRQHandler  bsp_adc_int.o
    0x08000d3c   0x08000d3c   0x00000024   Code   RO         1422    i.ADC1_GPIO_Config  bsp_adc_int.o
    0x08000d60   0x08000d60   0x000000f8   Code   RO         1423    i.ADC1_GetV         bsp_adc_int.o
    0x08000e58   0x08000e58   0x00000018   Code   RO         1424    i.ADC1_InSigEn      bsp_adc_int.o
    0x08000e70   0x08000e70   0x00000040   Code   RO         1425    i.ADC1_InSigEnInit  bsp_adc_int.o
    0x08000eb0   0x08000eb0   0x00000018   Code   RO         1426    i.ADC1_Init         bsp_adc_int.o
    0x08000ec8   0x08000ec8   0x0000008c   Code   RO         1427    i.ADC1_Mode_Config  bsp_adc_int.o
    0x08000f54   0x08000f54   0x0000000a   Code   RO         3871    i.ADC_ClearITPendingBit  stm32f10x_adc.o
    0x08000f5e   0x08000f5e   0x00000016   Code   RO         3872    i.ADC_Cmd           stm32f10x_adc.o
    0x08000f74   0x08000f74   0x00000014   Code   RO         3880    i.ADC_GetCalibrationStatus  stm32f10x_adc.o
    0x08000f88   0x08000f88   0x00000008   Code   RO         3881    i.ADC_GetConversionValue  stm32f10x_adc.o
    0x08000f90   0x08000f90   0x00000024   Code   RO         3884    i.ADC_GetITStatus   stm32f10x_adc.o
    0x08000fb4   0x08000fb4   0x00000014   Code   RO         3886    i.ADC_GetResetCalibrationStatus  stm32f10x_adc.o
    0x08000fc8   0x08000fc8   0x00000018   Code   RO         3889    i.ADC_ITConfig      stm32f10x_adc.o
    0x08000fe0   0x08000fe0   0x00000050   Code   RO         3890    i.ADC_Init          stm32f10x_adc.o
    0x08001030   0x08001030   0x00000022   Code   RO         1428    i.ADC_NVIC_Config   bsp_adc_int.o
    0x08001052   0x08001052   0x000000b8   Code   RO         3894    i.ADC_RegularChannelConfig  stm32f10x_adc.o
    0x0800110a   0x0800110a   0x0000000a   Code   RO         3895    i.ADC_ResetCalibration  stm32f10x_adc.o
    0x08001114   0x08001114   0x00000016   Code   RO         3897    i.ADC_SoftwareStartConvCmd  stm32f10x_adc.o
    0x0800112a   0x0800112a   0x0000000a   Code   RO         3899    i.ADC_StartCalibration  stm32f10x_adc.o
    0x08001134   0x08001134   0x00000052   Code   RO         1713    i.AnimationPlayFrame  hmi_driver.o
    0x08001186   0x08001186   0x00000002   PAD
    0x08001188   0x08001188   0x000000e8   Code   RO            3    i.AppTaskCreate     main.o
    0x08001270   0x08001270   0x00000034   Code   RO         1324    i.BEEP_InitHard     bsp_beep.o
    0x080012a4   0x080012a4   0x00000038   Code   RO         1519    i.BLE_HwReset       bsp_ble.o
    0x080012dc   0x080012dc   0x0000000c   Code   RO         1520    i.BLE_Init          bsp_ble.o
    0x080012e8   0x080012e8   0x00000064   Code   RO         1521    i.BLE_IoInit        bsp_ble.o
    0x0800134c   0x0800134c   0x0000000c   Code   RO         1527    i.BLE_VarInit       bsp_ble.o
    0x08001358   0x08001358   0x00000004   Code   RO         1253    i.BusFault_Handler  stm32f10x_it.o
    0x0800135c   0x0800135c   0x00000038   Code   RO         1062    i.ComToUart         bsp_uart_fifo.o
    0x08001394   0x08001394   0x0000005e   Code   RO         1063    i.ConfigUartNVIC    bsp_uart_fifo.o
    0x080013f2   0x080013f2   0x00000002   Code   RO         1254    i.DebugMon_Handler  stm32f10x_it.o
    0x080013f4   0x080013f4   0x00000010   Code   RO          599    i.FILTER_Clear      filter.o
    0x08001404   0x08001404   0x000000ac   Code   RO          600    i.FILTER_Get        filter.o
    0x080014b0   0x080014b0   0x00000030   Code   RO          601    i.FILTER_Push       filter.o
    0x080014e0   0x080014e0   0x0000004c   Code   RO         3133    i.FLASH_ErasePage   stm32f10x_flash.o
    0x0800152c   0x0800152c   0x00000034   Code   RO         3134    i.FLASH_GetBank1Status  stm32f10x_flash.o
    0x08001560   0x08001560   0x00000014   Code   RO         3143    i.FLASH_Lock        stm32f10x_flash.o
    0x08001574   0x08001574   0x00000040   Code   RO         3146    i.FLASH_ProgramHalfWord  stm32f10x_flash.o
    0x080015b4   0x080015b4   0x00000018   Code   RO         3151    i.FLASH_Unlock      stm32f10x_flash.o
    0x080015cc   0x080015cc   0x00000026   Code   RO         3155    i.FLASH_WaitForLastOperation  stm32f10x_flash.o
    0x080015f2   0x080015f2   0x00000116   Code   RO         2616    i.GPIO_Init         stm32f10x_gpio.o
    0x08001708   0x08001708   0x00000008   Code   RO         2619    i.GPIO_ReadInputData  stm32f10x_gpio.o
    0x08001710   0x08001710   0x00000012   Code   RO         2620    i.GPIO_ReadInputDataBit  stm32f10x_gpio.o
    0x08001722   0x08001722   0x00000004   Code   RO         2623    i.GPIO_ResetBits    stm32f10x_gpio.o
    0x08001726   0x08001726   0x00000004   Code   RO         2624    i.GPIO_SetBits      stm32f10x_gpio.o
    0x0800172a   0x0800172a   0x00000002   PAD
    0x0800172c   0x0800172c   0x00000040   Code   RO         2515    i.HX711_Init        hx711.o
    0x0800176c   0x0800176c   0x00000090   Code   RO         2516    i.HX711_Read        hx711.o
    0x080017fc   0x080017fc   0x00000058   Code   RO         1255    i.HardFault_Handler  stm32f10x_it.o
    0x08001854   0x08001854   0x000001ac   Code   RO         1064    i.InitHardUart      bsp_uart_fifo.o
    0x08001a00   0x08001a00   0x00000018   Code   RO          882    i.IsKeyDown1        bsp_key.o
    0x08001a18   0x08001a18   0x00000018   Code   RO          883    i.IsKeyDown10       bsp_key.o
    0x08001a30   0x08001a30   0x00000018   Code   RO          884    i.IsKeyDown11       bsp_key.o
    0x08001a48   0x08001a48   0x00000018   Code   RO          885    i.IsKeyDown2        bsp_key.o
    0x08001a60   0x08001a60   0x00000018   Code   RO          886    i.IsKeyDown3        bsp_key.o
    0x08001a78   0x08001a78   0x00000018   Code   RO          887    i.IsKeyDown4        bsp_key.o
    0x08001a90   0x08001a90   0x00000018   Code   RO          888    i.IsKeyDown5        bsp_key.o
    0x08001aa8   0x08001aa8   0x00000018   Code   RO          889    i.IsKeyDown6        bsp_key.o
    0x08001ac0   0x08001ac0   0x00000018   Code   RO          890    i.IsKeyDown7        bsp_key.o
    0x08001ad8   0x08001ad8   0x00000018   Code   RO          891    i.IsKeyDown8        bsp_key.o
    0x08001af0   0x08001af0   0x00000018   Code   RO          892    i.IsKeyDown9        bsp_key.o
    0x08001b08   0x08001b08   0x0000012c   Code   RO          441    i.LCD_ParaInit      bsp_uart_lcd.o
    0x08001c34   0x08001c34   0x0000000c   Code   RO          300    i.MOTOR_ClrStep     bsp_motor.o
    0x08001c40   0x08001c40   0x00000024   Code   RO          301    i.MOTOR_Init        bsp_motor.o
    0x08001c64   0x08001c64   0x00000060   Code   RO          302    i.MOTOR_SetDir      bsp_motor.o
    0x08001cc4   0x08001cc4   0x00000058   Code   RO          303    i.MOTOR_SetSpeed    bsp_motor.o
    0x08001d1c   0x08001d1c   0x00000024   Code   RO          304    i.MOTOR_Start       bsp_motor.o
    0x08001d40   0x08001d40   0x00000020   Code   RO          305    i.MOTOR_Stop        bsp_motor.o
    0x08001d60   0x08001d60   0x00000004   Code   RO         1256    i.MemManage_Handler  stm32f10x_it.o
    0x08001d64   0x08001d64   0x00000024   Code   RO          688    i.MemReadByte       save2flash.o
    0x08001d88   0x08001d88   0x00000058   Code   RO          689    i.MemWriteByte      save2flash.o
    0x08001de0   0x08001de0   0x00000002   Code   RO         1257    i.NMI_Handler       stm32f10x_it.o
    0x08001de2   0x08001de2   0x0000000e   Code   RO          442    i.NOTIFYHandShake   bsp_uart_lcd.o
    0x08001df0   0x08001df0   0x00000070   Code   RO         2566    i.NVIC_Init         misc.o
    0x08001e60   0x08001e60   0x00000014   Code   RO         2567    i.NVIC_PriorityGroupConfig  misc.o
    0x08001e74   0x08001e74   0x000002e8   Code   RO          443    i.NotifyButton      bsp_uart_lcd.o
    0x0800215c   0x0800215c   0x00000002   Code   RO          444    i.NotifyMenu        bsp_uart_lcd.o
    0x0800215e   0x0800215e   0x00000002   Code   RO          445    i.NotifyMeter       bsp_uart_lcd.o
    0x08002160   0x08002160   0x00000002   Code   RO          446    i.NotifyProgress    bsp_uart_lcd.o
    0x08002162   0x08002162   0x00000002   Code   RO          447    i.NotifyReadFlash   bsp_uart_lcd.o
    0x08002164   0x08002164   0x00000008   Code   RO          448    i.NotifyReadRTC     bsp_uart_lcd.o
    0x0800216c   0x0800216c   0x00000050   Code   RO          449    i.NotifyScreen      bsp_uart_lcd.o
    0x080021bc   0x080021bc   0x00000002   Code   RO          450    i.NotifySelector    bsp_uart_lcd.o
    0x080021be   0x080021be   0x00000032   Code   RO          451    i.NotifySlider      bsp_uart_lcd.o
    0x080021f0   0x080021f0   0x0000006c   Code   RO          452    i.NotifyText        bsp_uart_lcd.o
    0x0800225c   0x0800225c   0x00000002   Code   RO          453    i.NotifyTimer       bsp_uart_lcd.o
    0x0800225e   0x0800225e   0x00000002   Code   RO          454    i.NotifyTouchXY     bsp_uart_lcd.o
    0x08002260   0x08002260   0x00000002   Code   RO          455    i.NotifyWriteFlash  bsp_uart_lcd.o
    0x08002262   0x08002262   0x00000002   PAD
    0x08002264   0x08002264   0x00000020   Code   RO         2517    i.PRE_Adjust        hx711.o
    0x08002284   0x08002284   0x00000024   Code   RO         2518    i.PRE_GetLevel      hx711.o
    0x080022a8   0x080022a8   0x00000040   Code   RO         1781    i.PlayMusic         hmi_driver.o
    0x080022e8   0x080022e8   0x00000184   Code   RO          456    i.ProcessMessage    bsp_uart_lcd.o
    0x0800246c   0x0800246c   0x00000020   Code   RO         2733    i.RCC_AHBPeriphClockCmd  stm32f10x_rcc.o
    0x0800248c   0x0800248c   0x00000020   Code   RO         2734    i.RCC_APB1PeriphClockCmd  stm32f10x_rcc.o
    0x080024ac   0x080024ac   0x00000020   Code   RO         2736    i.RCC_APB2PeriphClockCmd  stm32f10x_rcc.o
    0x080024cc   0x080024cc   0x000000d4   Code   RO         2744    i.RCC_GetClocksFreq  stm32f10x_rcc.o
    0x080025a0   0x080025a0   0x0000002c   Code   RO         1065    i.RS485_InitTXE     bsp_uart_fifo.o
    0x080025cc   0x080025cc   0x00000014   Code   RO          693    i.ReadFromFlash     save2flash.o
    0x080025e0   0x080025e0   0x00000010   Code   RO          696    i.SaveToFlash       save2flash.o
    0x080025f0   0x080025f0   0x0000000e   Code   RO         2434    i.SendChar          hmi_user_uart.o
    0x080025fe   0x080025fe   0x00000016   Code   RO         1793    i.SendStrings       hmi_driver.o
    0x08002614   0x08002614   0x00000052   Code   RO         1796    i.SetButtonValue    hmi_driver.o
    0x08002666   0x08002666   0x00000030   Code   RO         1797    i.SetBuzzer         hmi_driver.o
    0x08002696   0x08002696   0x00000052   Code   RO         1800    i.SetControlEnable  hmi_driver.o
    0x080026e8   0x080026e8   0x00000052   Code   RO         1803    i.SetControlVisiable  hmi_driver.o
    0x0800273a   0x0800273a   0x00000068   Code   RO         1811    i.SetProgressValue  hmi_driver.o
    0x080027a2   0x080027a2   0x00000008   Code   RO         4096    i.SetSysClock       system_stm32f10x.o
    0x080027aa   0x080027aa   0x00000002   PAD
    0x080027ac   0x080027ac   0x000000e0   Code   RO         4097    i.SetSysClockTo72   system_stm32f10x.o
    0x0800288c   0x0800288c   0x0000008c   Code   RO         1817    i.SetTextInt32      hmi_driver.o
    0x08002918   0x08002918   0x00000052   Code   RO         1819    i.SetTextValue      hmi_driver.o
    0x0800296a   0x0800296a   0x00000002   PAD
    0x0800296c   0x0800296c   0x00000020   Code   RO         4747    i.SysTick_Handler   port.o
    0x0800298c   0x0800298c   0x00000060   Code   RO         4099    i.SystemInit        system_stm32f10x.o
    0x080029ec   0x080029ec   0x00000050   Code   RO          307    i.TIM1_UP_IRQHandler  bsp_motor.o
    0x08002a3c   0x08002a3c   0x000000c8   Code   RO          308    i.TIM1_config       bsp_motor.o
    0x08002b04   0x08002b04   0x00000094   Code   RO         1370    i.TIM2_IRQHandler   bsp_simple_timer.o
    0x08002b98   0x08002b98   0x00000058   Code   RO         1371    i.TIM3_IRQHandler   bsp_simple_timer.o
    0x08002bf0   0x08002bf0   0x00000018   Code   RO         3314    i.TIM_ARRPreloadConfig  stm32f10x_tim.o
    0x08002c08   0x08002c08   0x00000006   Code   RO         3321    i.TIM_ClearITPendingBit  stm32f10x_tim.o
    0x08002c0e   0x08002c0e   0x00000018   Code   RO         3326    i.TIM_Cmd           stm32f10x_tim.o
    0x08002c26   0x08002c26   0x0000001e   Code   RO         3328    i.TIM_CtrlPWMOutputs  stm32f10x_tim.o
    0x08002c44   0x08002c44   0x00000022   Code   RO         3347    i.TIM_GetITStatus   stm32f10x_tim.o
    0x08002c66   0x08002c66   0x00000012   Code   RO         3351    i.TIM_ITConfig      stm32f10x_tim.o
    0x08002c78   0x08002c78   0x0000007c   Code   RO         3370    i.TIM_OC4Init       stm32f10x_tim.o
    0x08002cf4   0x08002cf4   0x0000001a   Code   RO         3372    i.TIM_OC4PreloadConfig  stm32f10x_tim.o
    0x08002d0e   0x08002d0e   0x00000012   Code   RO         3383    i.TIM_SelectOutputTrigger  stm32f10x_tim.o
    0x08002d20   0x08002d20   0x00000004   Code   RO         3385    i.TIM_SetAutoreload  stm32f10x_tim.o
    0x08002d24   0x08002d24   0x00000006   Code   RO         3390    i.TIM_SetCompare4   stm32f10x_tim.o
    0x08002d2a   0x08002d2a   0x00000004   Code   RO         3391    i.TIM_SetCounter    stm32f10x_tim.o
    0x08002d2e   0x08002d2e   0x00000002   PAD
    0x08002d30   0x08002d30   0x000000a4   Code   RO         3397    i.TIM_TimeBaseInit  stm32f10x_tim.o
    0x08002dd4   0x08002dd4   0x00000054   Code   RO            6    i.TMY_ParaInit      main.o
    0x08002e28   0x08002e28   0x0000000c   Code   RO         1372    i.TimeInit          bsp_simple_timer.o
    0x08002e34   0x08002e34   0x00000010   Code   RO         1071    i.UART4_IRQHandler  bsp_uart_fifo.o
    0x08002e44   0x08002e44   0x00000034   Code   RO          457    i.ULCD_Init         bsp_uart_lcd.o
    0x08002e78   0x08002e78   0x00000048   Code   RO          458    i.ULCD_InitIO       bsp_uart_lcd.o
    0x08002ec0   0x08002ec0   0x000000ac   Code   RO          459    i.ULCD_Task         bsp_uart_lcd.o
    0x08002f6c   0x08002f6c   0x00000010   Code   RO         1072    i.USART1_IRQHandler  bsp_uart_fifo.o
    0x08002f7c   0x08002f7c   0x00000010   Code   RO         1073    i.USART2_IRQHandler  bsp_uart_fifo.o
    0x08002f8c   0x08002f8c   0x00000012   Code   RO         2940    i.USART_ClearFlag   stm32f10x_usart.o
    0x08002f9e   0x08002f9e   0x00000018   Code   RO         2944    i.USART_Cmd         stm32f10x_usart.o
    0x08002fb6   0x08002fb6   0x0000001a   Code   RO         2947    i.USART_GetFlagStatus  stm32f10x_usart.o
    0x08002fd0   0x08002fd0   0x00000054   Code   RO         2948    i.USART_GetITStatus  stm32f10x_usart.o
    0x08003024   0x08003024   0x0000004a   Code   RO         2950    i.USART_ITConfig    stm32f10x_usart.o
    0x0800306e   0x0800306e   0x00000002   PAD
    0x08003070   0x08003070   0x000000d8   Code   RO         2951    i.USART_Init        stm32f10x_usart.o
    0x08003148   0x08003148   0x0000000a   Code   RO         2958    i.USART_ReceiveData  stm32f10x_usart.o
    0x08003152   0x08003152   0x00000008   Code   RO         2961    i.USART_SendData    stm32f10x_usart.o
    0x0800315a   0x0800315a   0x00000042   Code   RO         1074    i.UartGetChar       bsp_uart_fifo.o
    0x0800319c   0x0800319c   0x000000e6   Code   RO         1075    i.UartIRQ           bsp_uart_fifo.o
    0x08003282   0x08003282   0x0000006a   Code   RO         1076    i.UartSend          bsp_uart_fifo.o
    0x080032ec   0x080032ec   0x000000b0   Code   RO         1077    i.UartVarInit       bsp_uart_fifo.o
    0x0800339c   0x0800339c   0x0000022c   Code   RO          460    i.UpdateUI          bsp_uart_lcd.o
    0x080035c8   0x080035c8   0x00000004   Code   RO         1258    i.UsageFault_Handler  stm32f10x_it.o
    0x080035cc   0x080035cc   0x00000020   Code   RO         5087    i.__0printf$8       mc_w.l(printf8.o)
    0x080035ec   0x080035ec   0x0000000e   Code   RO         5214    i.__scatterload_copy  mc_w.l(handlers.o)
    0x080035fa   0x080035fa   0x00000002   Code   RO         5215    i.__scatterload_null  mc_w.l(handlers.o)
    0x080035fc   0x080035fc   0x0000000e   Code   RO         5216    i.__scatterload_zeroinit  mc_w.l(handlers.o)
    0x0800360a   0x0800360a   0x00000002   PAD
    0x0800360c   0x0800360c   0x00000410   Code   RO         5094    i._printf_core      mc_w.l(printf8.o)
    0x08003a1c   0x08003a1c   0x00000024   Code   RO         5095    i._printf_post_padding  mc_w.l(printf8.o)
    0x08003a40   0x08003a40   0x0000002e   Code   RO         5096    i._printf_pre_padding  mc_w.l(printf8.o)
    0x08003a6e   0x08003a6e   0x00000002   PAD
    0x08003a70   0x08003a70   0x000000cc   Code   RO          894    i.bsp_DetectKey     bsp_key.o
    0x08003b3c   0x08003b3c   0x00000034   Code   RO          895    i.bsp_GetKey        bsp_key.o
    0x08003b70   0x08003b70   0x00000010   Code   RO          897    i.bsp_GetKeyState   bsp_key.o
    0x08003b80   0x08003b80   0x00000028   Code   RO          860    i.bsp_Init          bsp.o
    0x08003ba8   0x08003ba8   0x00000028   Code   RO         1482    i.bsp_InitDWT       bsp_dwt.o
    0x08003bd0   0x08003bd0   0x0000000c   Code   RO          898    i.bsp_InitKey       bsp_key.o
    0x08003bdc   0x08003bdc   0x000000c4   Code   RO          899    i.bsp_InitKeyHard   bsp_key.o
    0x08003ca0   0x08003ca0   0x000000b0   Code   RO          900    i.bsp_InitKeyVar    bsp_key.o
    0x08003d50   0x08003d50   0x00000074   Code   RO         1016    i.bsp_InitLed       bsp_led.o
    0x08003dc4   0x08003dc4   0x00000014   Code   RO         1078    i.bsp_InitUart      bsp_uart_fifo.o
    0x08003dd8   0x08003dd8   0x00000016   Code   RO          901    i.bsp_KeyScan       bsp_key.o
    0x08003dee   0x08003dee   0x00000002   PAD
    0x08003df0   0x08003df0   0x0000003c   Code   RO         1018    i.bsp_LedOff        bsp_led.o
    0x08003e2c   0x08003e2c   0x00000020   Code   RO          902    i.bsp_PutKey        bsp_key.o
    0x08003e4c   0x08003e4c   0x0000001e   Code   RO         1085    i.comGetChar        bsp_uart_fifo.o
    0x08003e6a   0x08003e6a   0x00000010   Code   RO         1086    i.comGetLen         bsp_uart_fifo.o
    0x08003e7a   0x08003e7a   0x0000002e   Code   RO         1087    i.comSendBuf        bsp_uart_fifo.o
    0x08003ea8   0x08003ea8   0x00000018   Code   RO          638    i.debug_ble         debug.o
    0x08003ec0   0x08003ec0   0x0000000c   Code   RO          639    i.debug_en          debug.o
    0x08003ecc   0x08003ecc   0x00000018   Code   RO          640    i.debug_usr         debug.o
    0x08003ee4   0x08003ee4   0x00000012   Code   RO         1483    i.delay_ms          bsp_dwt.o
    0x08003ef6   0x08003ef6   0x0000000e   Code   RO         1484    i.delay_us          bsp_dwt.o
    0x08003f04   0x08003f04   0x00000024   Code   RO         1091    i.fputc             bsp_uart_fifo.o
    0x08003f28   0x08003f28   0x0000002a   Code   RO            7    i.main              main.o
    0x08003f52   0x08003f52   0x00000002   PAD
    0x08003f54   0x08003f54   0x00000038   Code   RO          310    i.motor_dir_init    bsp_motor.o
    0x08003f8c   0x08003f8c   0x0000000c   Code   RO          311    i.motor_pul_init    bsp_motor.o
    0x08003f98   0x08003f98   0x00000054   Code   RO         4382    i.prvAddCurrentTaskToDelayedList  tasks.o
    0x08003fec   0x08003fec   0x00000036   Code   RO         4383    i.prvAllocateTCBAndStack  tasks.o
    0x08004022   0x08004022   0x00000002   PAD
    0x08004024   0x08004024   0x0000005c   Code   RO         4651    i.prvCheckForValidListAndQueue  timers.o
    0x08004080   0x08004080   0x00000064   Code   RO         4384    i.prvCheckTasksWaitingTermination  tasks.o
    0x080040e4   0x080040e4   0x0000002a   Code   RO         4258    i.prvCopyDataFromQueue  queue.o
    0x0800410e   0x0800410e   0x0000006e   Code   RO         4259    i.prvCopyDataToQueue  queue.o
    0x0800417c   0x0800417c   0x00000012   Code   RO         4385    i.prvDeleteTCB      tasks.o
    0x0800418e   0x0800418e   0x00000002   PAD
    0x08004190   0x08004190   0x00000028   Code   RO         4652    i.prvGetNextExpireTime  timers.o
    0x080041b8   0x080041b8   0x0000007c   Code   RO         4817    i.prvHeapInit       heap_4.o
    0x08004234   0x08004234   0x00000018   Code   RO         4386    i.prvIdleTask       tasks.o
    0x0800424c   0x0800424c   0x0000005c   Code   RO         4387    i.prvInitialiseTCBVariables  tasks.o
    0x080042a8   0x080042a8   0x00000068   Code   RO         4388    i.prvInitialiseTaskLists  tasks.o
    0x08004310   0x08004310   0x00000068   Code   RO         4818    i.prvInsertBlockIntoFreeList  heap_4.o
    0x08004378   0x08004378   0x00000058   Code   RO         4653    i.prvInsertTimerInActiveList  timers.o
    0x080043d0   0x080043d0   0x0000001a   Code   RO         4260    i.prvIsQueueEmpty   queue.o
    0x080043ea   0x080043ea   0x0000001e   Code   RO         4261    i.prvIsQueueFull    queue.o
    0x08004408   0x08004408   0x00000058   Code   RO         4654    i.prvProcessExpiredTimer  timers.o
    0x08004460   0x08004460   0x000000dc   Code   RO         4655    i.prvProcessReceivedCommands  timers.o
    0x0800453c   0x0800453c   0x00000064   Code   RO         4656    i.prvProcessTimerOrBlockTask  timers.o
    0x080045a0   0x080045a0   0x00000034   Code   RO         4389    i.prvResetNextTaskUnblockTime  tasks.o
    0x080045d4   0x080045d4   0x0000002c   Code   RO         4657    i.prvSampleTimeNow  timers.o
    0x08004600   0x08004600   0x00000090   Code   RO         4658    i.prvSwitchTimerLists  timers.o
    0x08004690   0x08004690   0x00000024   Code   RO         4748    i.prvTaskExitError  port.o
    0x080046b4   0x080046b4   0x0000001a   Code   RO         4659    i.prvTimerTask      timers.o
    0x080046ce   0x080046ce   0x0000007e   Code   RO         4262    i.prvUnlockQueue    queue.o
    0x0800474c   0x0800474c   0x00000114   Code   RO         4819    i.pvPortMalloc      heap_4.o
    0x08004860   0x08004860   0x00000020   Code   RO         4749    i.pxPortInitialiseStack  port.o
    0x08004880   0x08004880   0x00000064   Code   RO         1661    i.queue_find_cmd    cmd_queue.o
    0x080048e4   0x080048e4   0x0000008c   Code   RO            8    i.start_set         main.o
    0x08004970   0x08004970   0x00000064   Code   RO         1373    i.timer2_init       bsp_simple_timer.o
    0x080049d4   0x080049d4   0x00000070   Code   RO         1374    i.timer3_init       bsp_simple_timer.o
    0x08004a44   0x08004a44   0x00000028   Code   RO         4222    i.uxListRemove      list.o
    0x08004a6c   0x08004a6c   0x0000001a   Code   RO         4223    i.vListInitialise   list.o
    0x08004a86   0x08004a86   0x00000006   Code   RO         4224    i.vListInitialiseItem  list.o
    0x08004a8c   0x08004a8c   0x00000034   Code   RO         4225    i.vListInsert       list.o
    0x08004ac0   0x08004ac0   0x00000018   Code   RO         4226    i.vListInsertEnd    list.o
    0x08004ad8   0x08004ad8   0x00000044   Code   RO         4751    i.vPortEnterCritical  port.o
    0x08004b1c   0x08004b1c   0x0000002c   Code   RO         4752    i.vPortExitCritical  port.o
    0x08004b48   0x08004b48   0x00000078   Code   RO         4820    i.vPortFree         heap_4.o
    0x08004bc0   0x08004bc0   0x00000014   Code   RO         4753    i.vPortSetupTimerInterrupt  port.o
    0x08004bd4   0x08004bd4   0x0000005c   Code   RO         4754    i.vPortValidateInterruptPriority  port.o
    0x08004c30   0x08004c30   0x00000018   Code   RO         4755    i.vPortYield        port.o
    0x08004c48   0x08004c48   0x00000042   Code   RO         4267    i.vQueueWaitForMessageRestricted  queue.o
    0x08004c8a   0x08004c8a   0x00000002   PAD
    0x08004c8c   0x08004c8c   0x00000028   Code   RO            9    i.vTaskAdc          main.o
    0x08004cb4   0x08004cb4   0x00000058   Code   RO           10    i.vTaskBle          main.o
    0x08004d0c   0x08004d0c   0x00000070   Code   RO         4396    i.vTaskDelay        tasks.o
    0x08004d7c   0x08004d7c   0x0000002c   Code   RO           11    i.vTaskLCD          main.o
    0x08004da8   0x08004da8   0x0000000c   Code   RO         4400    i.vTaskMissedYield  tasks.o
    0x08004db4   0x08004db4   0x00000904   Code   RO           12    i.vTaskMotorCtrl    main.o
    0x080056b8   0x080056b8   0x00000070   Code   RO         4402    i.vTaskPlaceOnEventList  tasks.o
    0x08005728   0x08005728   0x00000074   Code   RO         4403    i.vTaskPlaceOnEventListRestricted  tasks.o
    0x0800579c   0x0800579c   0x0000013c   Code   RO           13    i.vTaskSensor       main.o
    0x080058d8   0x080058d8   0x00000024   Code   RO         4407    i.vTaskSetTimeOutState  tasks.o
    0x080058fc   0x080058fc   0x00000068   Code   RO         4408    i.vTaskStartScheduler  tasks.o
    0x08005964   0x08005964   0x00000010   Code   RO         4410    i.vTaskSuspendAll   tasks.o
    0x08005974   0x08005974   0x00000080   Code   RO         4411    i.vTaskSwitchContext  tasks.o
    0x080059f4   0x080059f4   0x000000a0   Code   RO         4756    i.xPortStartScheduler  port.o
    0x08005a94   0x08005a94   0x00000066   Code   RO         4268    i.xQueueGenericCreate  queue.o
    0x08005afa   0x08005afa   0x0000013c   Code   RO         4269    i.xQueueGenericReceive  queue.o
    0x08005c36   0x08005c36   0x00000078   Code   RO         4270    i.xQueueGenericReset  queue.o
    0x08005cae   0x08005cae   0x00000142   Code   RO         4271    i.xQueueGenericSend  queue.o
    0x08005df0   0x08005df0   0x000000ac   Code   RO         4272    i.xQueueGenericSendFromISR  queue.o
    0x08005e9c   0x08005e9c   0x00000074   Code   RO         4412    i.xTaskCheckForTimeOut  tasks.o
    0x08005f10   0x08005f10   0x00000134   Code   RO         4413    i.xTaskGenericCreate  tasks.o
    0x08006044   0x08006044   0x00000020   Code   RO         4416    i.xTaskGetSchedulerState  tasks.o
    0x08006064   0x08006064   0x0000000c   Code   RO         4417    i.xTaskGetTickCount  tasks.o
    0x08006070   0x08006070   0x0000013c   Code   RO         4419    i.xTaskIncrementTick  tasks.o
    0x080061ac   0x080061ac   0x0000008c   Code   RO         4422    i.xTaskRemoveFromEventList  tasks.o
    0x08006238   0x08006238   0x000000e8   Code   RO         4424    i.xTaskResumeAll    tasks.o
    0x08006320   0x08006320   0x00000048   Code   RO         4663    i.xTimerCreateTimerTask  timers.o
    0x08006368   0x08006368   0x00000074   Code   RO         4664    i.xTimerGenericCommand  timers.o
    0x080063dc   0x080063dc   0x00000040   Data   RO         5210    .constdata          mc_w.l(ctype_c.o)
    0x0800641c   0x0800641c   0x00000020   Data   RO         5212    Region$$Table       anon$$obj.o


    Execution Region RW_IRAM1 (Exec base: 0x20000000, Load base: 0x0800643c, Size: 0x000044f0, Max: 0x00010000, ABSOLUTE, COMPRESSED[0x0000008c])

    Exec Addr    Load Addr    Size         Type   Attr      Idx    E Section Name        Object

    0x20000000   COMPRESSED   0x00000018   Data   RW           15    .data               main.o
    0x20000018   COMPRESSED   0x000000d4   Data   RW          316    .data               bsp_motor.o
    0x200000ec   COMPRESSED   0x00000017   Data   RW          462    .data               bsp_uart_lcd.o
    0x20000103   COMPRESSED   0x00000001   Data   RW          643    .data               debug.o
    0x20000104   COMPRESSED   0x00000004   Data   RW         1376    .data               bsp_simple_timer.o
    0x20000108   COMPRESSED   0x00000001   Data   RW         1538    .data               bsp_ble.o
    0x20000109   COMPRESSED   0x00000014   Data   RW         2764    .data               stm32f10x_rcc.o
    0x2000011d   COMPRESSED   0x00000003   PAD
    0x20000120   COMPRESSED   0x00000038   Data   RW         4427    .data               tasks.o
    0x20000158   COMPRESSED   0x00000010   Data   RW         4667    .data               timers.o
    0x20000168   COMPRESSED   0x0000000c   Data   RW         4757    .data               port.o
    0x20000174   COMPRESSED   0x00000018   Data   RW         4825    .data               heap_4.o
    0x2000018c   COMPRESSED   0x00000004   Data   RW         5175    .data               mc_w.l(stdout.o)
    0x20000190        -       0x000000dc   Zero   RW           14    .bss                main.o
    0x2000026c        -       0x000000e8   Zero   RW          315    .bss                bsp_motor.o
    0x20000354        -       0x00000108   Zero   RW          461    .bss                bsp_uart_lcd.o
    0x2000045c        -       0x000000e0   Zero   RW          602    .bss                filter.o
    0x2000053c        -       0x00000118   Zero   RW          700    .bss                save2flash.o
    0x20000654        -       0x00000185   Zero   RW          904    .bss                bsp_key.o
    0x200007d9   COMPRESSED   0x00000003   PAD
    0x200007dc        -       0x00000640   Zero   RW         1092    .bss                bsp_uart_fifo.o
    0x20000e1c        -       0x000000e6   Zero   RW         1537    .bss                bsp_ble.o
    0x20000f02   COMPRESSED   0x00000002   PAD
    0x20000f04        -       0x000000e4   Zero   RW         2519    .bss                hx711.o
    0x20000fe8        -       0x000000dc   Zero   RW         4426    .bss                tasks.o
    0x200010c4        -       0x00000028   Zero   RW         4666    .bss                timers.o
    0x200010ec        -       0x00002c00   Zero   RW         4824    .bss                heap_4.o
    0x20003cec   COMPRESSED   0x00000004   PAD
    0x20003cf0        -       0x00000800   Zero   RW         2557    STACK               startup_stm32f10x_hd.o


==============================================================================

Image component sizes


      Code (inc. data)   RO Data    RW Data    ZI Data      Debug   Object Name

        40          0          0          0          0        459   bsp.o
       618         78          0          0          0       4182   bsp_adc_int.o
        52          4          0          0          0        504   bsp_beep.o
       180         34          0          1        230       3852   bsp_ble.o
        72         10          0          0          0       1432   bsp_dwt.o
       974        152          0          0        389      10176   bsp_key.o
       176         12          0          0          0       1035   bsp_led.o
       648         86          0        212        232       8741   bsp_motor.o
       460         42          0          4          0       3122   bsp_simple_timer.o
      1396        110          0          0       1600      10112   bsp_uart_fifo.o
      2560        266          0         23        264      15240   bsp_uart_lcd.o
       100          0          0          0          0       1697   cmd_queue.o
        60         18          0          1          0       1729   debug.o
         0          0          0          0          0       3864   event_groups.o
       236         16          0          0        224       2846   filter.o
       624         64          0         24      11264       3831   heap_4.o
       788          0          0          0          0       6577   hmi_driver.o
        14          0          0          0          0        479   hmi_user_uart.o
       276         22          0          0        228       2874   hx711.o
       148          0          0          0          0       3010   list.o
      3294        658          0         24        220     297847   main.o
       132         22          0          0          0       1667   misc.o
       670         86          0         12          0       7734   port.o
      1432          0          0          0          0       9726   queue.o
       160         20          0          0        280       4914   save2flash.o
        36          8        304          0       2048        892   startup_stm32f10x_hd.o
       446         10          0          0          0       9806   stm32f10x_adc.o
       274         30          0          0          0       3646   stm32f10x_flash.o
       312          0          0          0          0       4449   stm32f10x_gpio.o
       104         48          0          0          0       2729   stm32f10x_it.o
       308         38          0         20          0       5218   stm32f10x_rcc.o
       482         52          0          0          0       8652   stm32f10x_tim.o
       460          6          0          0          0       7079   stm32f10x_usart.o
       328         28          0          0          0       1921   system_stm32f10x.o
      2320        348          0         56        220      17303   tasks.o
      1030         96          0         16         40       8211   timers.o

    ----------------------------------------------------------------------
     21236       2364        336        396      17248     477556   Object Totals
         0          0         32          0          0          0   (incl. Generated)
        26          0          0          3          9          0   (incl. Padding)

    ----------------------------------------------------------------------

      Code (inc. data)   RO Data    RW Data    ZI Data      Debug   Library Member Name

        56          8          0          0          0         84   __0sscanf.o
        86          0          0          0          0          0   __dczerorl2.o
        28          0          0          0          0         68   _chval.o
       812          4          0          0          0        112   _scanf.o
       332          0          0          0          0         96   _scanf_int.o
        64          0          0          0          0         84   _sgetc.o
        40          6         64          0          0         68   ctype_c.o
         0          0          0          0          0          0   entry.o
         0          0          0          0          0          0   entry10a.o
         0          0          0          0          0          0   entry11a.o
         8          4          0          0          0          0   entry2.o
         4          0          0          0          0          0   entry5.o
         0          0          0          0          0          0   entry7b.o
         0          0          0          0          0          0   entry8b.o
         8          4          0          0          0          0   entry9a.o
        30          0          0          0          0          0   handlers.o
        36          8          0          0          0         68   init.o
        10          0          0          0          0         68   isspace_c.o
         0          0          0          0          0          0   iusefp.o
        30          0          0          0          0         68   llshl.o
        32          0          0          0          0         68   llushr.o
        36          0          0          0          0         68   memcpya.o
      1154         54          0          0          0        352   printf8.o
        40          8          0          0          0         84   scanf_char.o
         0          0          0          4          0          0   stdout.o
        98          0          0          0          0         92   uldiv.o
        56          0          0          0          0         88   d2f.o
       222          0          0          0          0        100   ddiv.o
       186          0          0          0          0        176   depilogue.o
       228          0          0          0          0         96   dmul.o
        38          0          0          0          0         68   f2d.o
       124          0          0          0          0         88   fdiv.o
       110          0          0          0          0        168   fepilogue.o
        40          0          0          0          0         68   ffixui.o
        10          0          0          0          0         68   ffltui.o
       100          0          0          0          0         76   fmul.o

    ----------------------------------------------------------------------
      4024         96         64          4          0       2376   Library Totals
         6          0          0          0          0          0   (incl. Padding)

    ----------------------------------------------------------------------

      Code (inc. data)   RO Data    RW Data    ZI Data      Debug   Library Name

      2904         96         64          4          0       1380   mc_w.l
      1114          0          0          0          0        996   mf_w.l

    ----------------------------------------------------------------------
      4024         96         64          4          0       2376   Library Totals

    ----------------------------------------------------------------------

==============================================================================


      Code (inc. data)   RO Data    RW Data    ZI Data      Debug   

     25260       2460        400        400      17248     466280   Grand Totals
     25260       2460        400        140      17248     466280   ELF Image Totals (compressed)
     25260       2460        400        140          0          0   ROM Totals

==============================================================================

    Total RO  Size (Code + RO Data)                25660 (  25.06kB)
    Total RW  Size (RW Data + ZI Data)             17648 (  17.23kB)
    Total ROM Size (Code + RO Data + RW Data)      25800 (  25.20kB)

==============================================================================

